BL51 BANKED LINKER/LOCATER V5.03                                                        07/22/2020  17:08:20  PAGE 1


BL51 BANKED LINKER/LOCATER V5.03, INVOKED BY:
C:\KEIL\C51\BIN\BL51.EXE .\output\STARTUP.obj, .\output\XSensor.obj, .\output\Base.obj, .\output\Dispatcher.obj, .\outpu
>> t\Isp.obj, .\output\USBIF.obj, .\output\util.obj, .\output\setintf.obj, .\output\exunit.obj, .\output\Dummy.obj, .\ou
>> tput\CamTermCtrl.obj, .\output\Protect.obj, .\output\InTable.obj, .\output\AudioHandle.obj TO .\output\EDWIN-TX PRINT
>>  (.\lst\EDWIN-TX.m51) RAMSIZE (256) OVERLAY (?PR?_VSPROBECOMMITGET?USBIF ~ ?CO?SETINTF) CODE (?CO?SETINTF (0X2E), ?CO
>> ?XSENSOR (0X8000)) XDATA (0X0800-0X0A7F) STACK (?STACK (0XCF))


MEMORY MODEL: SMALL


INPUT MODULES INCLUDED:
  .\output\STARTUP.obj (?C_STARTUP)
  .\output\XSensor.obj (XSENSOR)
  .\output\Base.obj (BASE)
  .\output\Dispatcher.obj (DISPATCHER)
  .\output\Isp.obj (ISP)
  .\output\USBIF.obj (USBIF)
  .\output\util.obj (UTIL)
  .\output\setintf.obj (SETINTF)
  .\output\exunit.obj (EXUNIT)
  .\output\Dummy.obj (DUMMY)
  .\output\CamTermCtrl.obj (CAMTERMCTRL)
  .\output\Protect.obj (PROTECT)
  .\output\InTable.obj (INTABLE)
  .\output\AudioHandle.obj (AUDIOHANDLE)
  C:\KEIL\C51\LIB\C51S.LIB (?C?COPY)
  C:\KEIL\C51\LIB\C51S.LIB (?C?CLDPTR)
  C:\KEIL\C51\LIB\C51S.LIB (?C?CLDOPTR)
  C:\KEIL\C51\LIB\C51S.LIB (?C?CSTPTR)
  C:\KEIL\C51\LIB\C51S.LIB (?C?CSTOPTR)
  C:\KEIL\C51\LIB\C51S.LIB (?C?IMUL)
  C:\KEIL\C51\LIB\C51S.LIB (?C?UIDIV)
  C:\KEIL\C51\LIB\C51S.LIB (?C?SIDIV)
  C:\KEIL\C51\LIB\C51S.LIB (?C?IILDX)
  C:\KEIL\C51\LIB\C51S.LIB (?C?ILDPTR)
  C:\KEIL\C51\LIB\C51S.LIB (?C?ISTPTR)
  C:\KEIL\C51\LIB\C51S.LIB (?C?LMUL)
  C:\KEIL\C51\LIB\C51S.LIB (?C?ULDIV)
  C:\KEIL\C51\LIB\C51S.LIB (?C?ULCMP)
  C:\KEIL\C51\LIB\C51S.LIB (?C?LSHL)
  C:\KEIL\C51\LIB\C51S.LIB (?C?LLDIDATA)
  C:\KEIL\C51\LIB\C51S.LIB (?C?LLDXDATA)
  C:\KEIL\C51\LIB\C51S.LIB (?C?LLDCODE)
  C:\KEIL\C51\LIB\C51S.LIB (?C?LLDIDATA0)
  C:\KEIL\C51\LIB\C51S.LIB (?C?LSTIDATA)
  C:\KEIL\C51\LIB\C51S.LIB (?C?LSTXDATA)
  C:\KEIL\C51\LIB\C51S.LIB (?C?OFFXADD)
  C:\KEIL\C51\LIB\C51S.LIB (?C?CCASE)
  C:\KEIL\C51\LIB\C51S.LIB (?C?ICALL)
  C:\KEIL\C51\LIB\C51S.LIB (?C?MEMSET)


LINK MAP OF MODULE:  .\output\EDWIN-TX (?C_STARTUP)


            TYPE    BASE      LENGTH    RELOCATION   SEGMENT NAME
            -----------------------------------------------------
BL51 BANKED LINKER/LOCATER V5.03                                                      07/22/2020  17:08:20  PAGE 2



            * * * * * * *   D A T A   M E M O R Y   * * * * * * *
            REG     0000H     0008H     ABSOLUTE     "REG BANK 0"
            REG     0008H     0008H     ABSOLUTE     "REG BANK 1"
            DATA    0010H     0010H     UNIT         _DATA_GROUP_
            DATA    0020H     0001H     ABSOLUTE     
            DATA    0021H     0001H     ABSOLUTE     
            DATA    0022H     0001H     ABSOLUTE     
            DATA    0023H     0001H     ABSOLUTE     
            DATA    0024H     0001H     ABSOLUTE     
            DATA    0025H     0001H     ABSOLUTE     
            DATA    0026H     0001H     ABSOLUTE     
            DATA    0027H     0001H     ABSOLUTE     
            DATA    0028H     0001H     ABSOLUTE     
            DATA    0029H     0001H     ABSOLUTE     
            DATA    002AH     0001H     ABSOLUTE     
            DATA    002BH     0001H     ABSOLUTE     
            DATA    002CH     0001H     ABSOLUTE     
            DATA    002DH     0001H     ABSOLUTE     
            DATA    002EH     0002H     ABSOLUTE     
            DATA    0030H     0002H     ABSOLUTE     
            DATA    0032H     0002H     ABSOLUTE     
            DATA    0034H     0001H     ABSOLUTE     
            DATA    0035H     0002H     ABSOLUTE     
            DATA    0037H     0002H     ABSOLUTE     
            DATA    0039H     0002H     ABSOLUTE     
            DATA    003BH     000BH     ABSOLUTE     
            DATA    0046H     0008H     ABSOLUTE     
            DATA    004EH     0001H     ABSOLUTE     
            DATA    004FH     0001H     ABSOLUTE     
            DATA    0050H     0001H     ABSOLUTE     
            DATA    0051H     0001H     ABSOLUTE     
            DATA    0052H     0001H     ABSOLUTE     
            DATA    0053H     0001H     ABSOLUTE     
            DATA    0054H     0001H     ABSOLUTE     
            DATA    0055H     000EH     UNIT         ?DT?SETINTF
            DATA    0063H     000CH     UNIT         ?DT?BASE
            DATA    006FH     0007H     UNIT         ?DT?UTIL
                    0076H     0002H                  *** GAP ***
            DATA    0078H     0008H     ABSOLUTE     
            IDATA   0080H     0028H     UNIT         _IDATA_GROUP_
            IDATA   00A8H     0005H     UNIT         ?ID?SETINTF
            IDATA   00ADH     0004H     UNIT         ?ID?BASE
            IDATA   00B1H     0003H     UNIT         ?ID?AUDIOHANDLE
                    00B4H     001BH                  *** GAP ***
            IDATA   00CFH     0001H     UNIT         ?STACK

            * * * * * * *  X D A T A   M E M O R Y  * * * * * * *
            XDATA   0000H     0080H     ABSOLUTE     
            XDATA   0080H     0040H     ABSOLUTE     
            XDATA   00C0H     0010H     ABSOLUTE     
            XDATA   00D0H     0030H     ABSOLUTE     
            XDATA   0100H     0020H     ABSOLUTE     
            XDATA   0120H     0060H     ABSOLUTE     
            XDATA   0180H     0040H     ABSOLUTE     
            XDATA   01C0H     0040H     ABSOLUTE     
            XDATA   0200H     0100H     ABSOLUTE     
BL51 BANKED LINKER/LOCATER V5.03                                                      07/22/2020  17:08:20  PAGE 3


            XDATA   0300H     0100H     ABSOLUTE     
            XDATA   0400H     0100H     ABSOLUTE     
            XDATA   0500H     0100H     ABSOLUTE     
            XDATA   0600H     0200H     ABSOLUTE     
            XDATA   0800H     0040H     ABSOLUTE     
            XDATA   0840H     0001H     ABSOLUTE     
            XDATA   0841H     0001H     ABSOLUTE     
            XDATA   0842H     0001H     ABSOLUTE     
            XDATA   0843H     0002H     ABSOLUTE     
            XDATA   0845H     0001H     ABSOLUTE     
            XDATA   0846H     0001H     ABSOLUTE     
            XDATA   0847H     0001H     ABSOLUTE     
            XDATA   0848H     0001H     ABSOLUTE     
            XDATA   0849H     0001H     ABSOLUTE     
            XDATA   084AH     0001H     ABSOLUTE     
            XDATA   084BH     0020H     ABSOLUTE     
            XDATA   086BH     0002H     ABSOLUTE     
            XDATA   086DH     0002H     ABSOLUTE     
            XDATA   086FH     0001H     ABSOLUTE     
            XDATA   0870H     0001H     ABSOLUTE     
            XDATA   0871H     0001H     ABSOLUTE     
            XDATA   0872H     0001H     ABSOLUTE     
            XDATA   0873H     0002H     ABSOLUTE     
            XDATA   0875H     0002H     ABSOLUTE     
            XDATA   0877H     0002H     ABSOLUTE     
            XDATA   0879H     0002H     ABSOLUTE     
            XDATA   087BH     0002H     ABSOLUTE     
            XDATA   087DH     0002H     ABSOLUTE     
            XDATA   087FH     0002H     ABSOLUTE     
            XDATA   0881H     0002H     ABSOLUTE     
            XDATA   0883H     0002H     ABSOLUTE     
            XDATA   0885H     0002H     ABSOLUTE     
            XDATA   0887H     0001H     ABSOLUTE     
            XDATA   0888H     0001H     ABSOLUTE     
            XDATA   0889H     0004H     ABSOLUTE     
            XDATA   088DH     0003H     ABSOLUTE     
            XDATA   0890H     0002H     ABSOLUTE     
            XDATA   0892H     0002H     ABSOLUTE     
            XDATA   0894H     0040H     ABSOLUTE     
            XDATA   08D4H     0069H     ABSOLUTE     
            XDATA   093DH     000BH     ABSOLUTE     
            XDATA   0948H     0011H     ABSOLUTE     
            XDATA   0959H     0002H     ABSOLUTE     
            XDATA   095BH     0040H     ABSOLUTE     
            XDATA   099BH     0007H     ABSOLUTE     
            XDATA   09A2H     0001H     ABSOLUTE     
            XDATA   09A3H     0040H     ABSOLUTE     
            XDATA   09E3H     0002H     ABSOLUTE     
            XDATA   09E5H     0001H     ABSOLUTE     
            XDATA   09E6H     0001H     ABSOLUTE     
            XDATA   09E7H     0001H     ABSOLUTE     
            XDATA   09E8H     0001H     ABSOLUTE     
            XDATA   09E9H     0002H     ABSOLUTE     
            XDATA   09EBH     0002H     ABSOLUTE     
            XDATA   09EDH     0002H     ABSOLUTE     
            XDATA   09EFH     0001H     ABSOLUTE     
            XDATA   09F0H     0001H     ABSOLUTE     
BL51 BANKED LINKER/LOCATER V5.03                                                      07/22/2020  17:08:20  PAGE 4


            XDATA   09F1H     0001H     ABSOLUTE     
            XDATA   09F2H     0001H     ABSOLUTE     
            XDATA   09F3H     0001H     ABSOLUTE     
            XDATA   09F4H     0001H     ABSOLUTE     
            XDATA   09F5H     0002H     ABSOLUTE     
            XDATA   09F7H     0002H     ABSOLUTE     
            XDATA   09F9H     0002H     ABSOLUTE     
            XDATA   09FBH     0012H     ABSOLUTE     
            XDATA   0A0DH     0001H     ABSOLUTE     
            XDATA   0A0EH     0002H     ABSOLUTE     
            XDATA   0A10H     0001H     ABSOLUTE     
            XDATA   0A11H     0001H     ABSOLUTE     
            XDATA   0A12H     0004H     ABSOLUTE     
            XDATA   0A16H     0001H     ABSOLUTE     
            XDATA   0A17H     0002H     ABSOLUTE     
            XDATA   0A19H     0001H     ABSOLUTE     
            XDATA   0A1AH     0001H     ABSOLUTE     
            XDATA   0A1BH     0001H     ABSOLUTE     
            XDATA   0A1CH     0001H     ABSOLUTE     
            XDATA   0A1DH     0001H     ABSOLUTE     
            XDATA   0A1EH     0001H     ABSOLUTE     
            XDATA   0A1FH     0002H     ABSOLUTE     
            XDATA   0A21H     0008H     ABSOLUTE     
            XDATA   0A29H     0001H     ABSOLUTE     
            XDATA   0A2AH     0001H     ABSOLUTE     
            XDATA   0A2BH     000AH     UNIT         _XDATA_GROUP_
            XDATA   0A35H     0007H     UNIT         ?XD?BASE
            XDATA   0A3CH     0002H     UNIT         ?XD?SETINTF
                    0A3EH     00A3H                  *** GAP ***
            XDATA   0AE1H     0014H     ABSOLUTE     
            XDATA   0AF5H     0011H     ABSOLUTE     
            XDATA   0B06H     0001H     ABSOLUTE     
            XDATA   0B07H     0001H     ABSOLUTE     
            XDATA   0B08H     0002H     ABSOLUTE     
            XDATA   0B0AH     0002H     ABSOLUTE     
            XDATA   0B0CH     0008H     ABSOLUTE     
            XDATA   0B14H     0002H     ABSOLUTE     
            XDATA   0B16H     0002H     ABSOLUTE     
            XDATA   0B18H     0002H     ABSOLUTE     
            XDATA   0B1AH     0002H     ABSOLUTE     
            XDATA   0B1CH     0002H     ABSOLUTE     
            XDATA   0B1EH     0002H     ABSOLUTE     
            XDATA   0B20H     0002H     ABSOLUTE     
            XDATA   0B22H     0002H     ABSOLUTE     
            XDATA   0B24H     0002H     ABSOLUTE     
            XDATA   0B26H     0002H     ABSOLUTE     
            XDATA   0B28H     0002H     ABSOLUTE     
            XDATA   0B2AH     0002H     ABSOLUTE     
            XDATA   0B2CH     0002H     ABSOLUTE     
            XDATA   0B2EH     0002H     ABSOLUTE     
            XDATA   0B30H     0002H     ABSOLUTE     
            XDATA   0B32H     0002H     ABSOLUTE     
            XDATA   0B34H     0002H     ABSOLUTE     
            XDATA   0B36H     0002H     ABSOLUTE     
            XDATA   0B38H     0002H     ABSOLUTE     
            XDATA   0B3AH     0002H     ABSOLUTE     
            XDATA   0B3CH     0002H     ABSOLUTE     
BL51 BANKED LINKER/LOCATER V5.03                                                      07/22/2020  17:08:20  PAGE 5


            XDATA   0B3EH     0002H     ABSOLUTE     
            XDATA   0B40H     0002H     ABSOLUTE     
            XDATA   0B42H     0002H     ABSOLUTE     
            XDATA   0B44H     0002H     ABSOLUTE     
            XDATA   0B46H     0002H     ABSOLUTE     
            XDATA   0B48H     0002H     ABSOLUTE     
            XDATA   0B4AH     0002H     ABSOLUTE     
            XDATA   0B4CH     0002H     ABSOLUTE     
            XDATA   0B4EH     0002H     ABSOLUTE     
            XDATA   0B50H     0002H     ABSOLUTE     
            XDATA   0B52H     0002H     ABSOLUTE     
            XDATA   0B54H     0002H     ABSOLUTE     
            XDATA   0B56H     0002H     ABSOLUTE     
            XDATA   0B58H     0002H     ABSOLUTE     
            XDATA   0B5AH     0002H     ABSOLUTE     
            XDATA   0B5CH     0002H     ABSOLUTE     
            XDATA   0B5EH     0002H     ABSOLUTE     
            XDATA   0B60H     0020H     ABSOLUTE     
            XDATA   0B80H     0080H     ABSOLUTE     
                    0C00H     7400H                  *** GAP ***
            XDATA   8000H     1000H     ABSOLUTE     

            * * * * * * *   C O D E   M E M O R Y   * * * * * * *
            CODE    0000H     0003H     ABSOLUTE     
            CODE    0003H     0003H     ABSOLUTE     
            CODE    0006H     0005H     UNIT         ?PR?SPIWRITEENABLE?BASE
            CODE    000BH     0003H     ABSOLUTE     
            CODE    000EH     0005H     UNIT         ?PR?SPIWRITEDISABLE?BASE
            CODE    0013H     0003H     ABSOLUTE     
            CODE    0016H     0005H     UNIT         ?PR?SST_ENABLEWRITESTATUS?BASE
            CODE    001BH     0003H     ABSOLUTE     
            CODE    001EH     000DH     UNIT         ?PR?_GETTABXDATA?SETINTF
            CODE    002BH     0003H     ABSOLUTE     
            CODE    002EH     01BEH     UNIT         ?CO?SETINTF
            CODE    01ECH     0762H     UNIT         ?CO?INTABLE
            CODE    094EH     04FCH     UNIT         ?PR?USBSTANDARDCMD?USBIF
            CODE    0E4AH     045FH     UNIT         ?C?LIB_CODE
            CODE    12A9H     0437H     UNIT         ?PR?FWLOADOTP?BASE
            CODE    16E0H     031EH     UNIT         ?PR?STATEFUNCTION?DISPATCHER
            CODE    19FEH     030FH     UNIT         ?PR?_XMITEP0?USBIF
            CODE    1D0DH     02D0H     UNIT         ?PR?MAIN?DISPATCHER
            CODE    1FDDH     02C8H     UNIT         ?PR?GETCONFIGLENGTH?SETINTF
            CODE    22A5H     02C6H     UNIT         ?PR?USBVIDEOPUGETCONTROL?USBIF
            CODE    256BH     02BEH     UNIT         ?PR?PRPSAVEEEPROM?BASE
            CODE    2829H     02ABH     UNIT         ?PR?FWLOADXFIRMWARE?BASE
            CODE    2AD4H     027FH     UNIT         ?PR?_VSPROBECOMMITGET?USBIF
            CODE    2D53H     0230H     UNIT         ?PR?_CONSTRUCT_FRM_DESC?SETINTF
            CODE    2F83H     022EH     UNIT         ?PR?_AUDIODESCGEN?AUDIOHANDLE
            CODE    31B1H     0223H     UNIT         ?CO?AUDIOHANDLE
            CODE    33D4H     021FH     UNIT         ?PR?ENABLEDMIC?AUDIOHANDLE
            CODE    35F3H     0209H     UNIT         ?PR?_SETPTRTABBYID?SETINTF
            CODE    37FCH     01FEH     UNIT         ?PR?USBVIDEOPUSETCONTROL?USBIF
            CODE    39FAH     01E0H     UNIT         ?PR?_CACULATEFRMRATEV2?SETINTF
            CODE    3BDAH     01CEH     UNIT         ?PR?FUSETCTRL?AUDIOHANDLE
            CODE    3DA8H     01AFH     UNIT         ?PR?_CONSTRUCTSTRMCURSET?SETINTF
            CODE    3F57H     01A0H     UNIT         ?PR?_I2CEEPROMWRITEDATA?BASE
            CODE    40F7H     018FH     UNIT         ?PR?_EXUNITGETCURCTRL?EXUNIT
BL51 BANKED LINKER/LOCATER V5.03                                                      07/22/2020  17:08:20  PAGE 6


            CODE    4286H     0173H     UNIT         ?PR?EXTENSIONUNITSETCONTROL?EXUNIT
            CODE    43F9H     0170H     UNIT         ?PR?_REPLACEFW?BASE
            CODE    4569H     0159H     UNIT         ?PR?USBAUDIOSTREAMINGEP?AUDIOHANDLE
            CODE    46C2H     0154H     UNIT         ?PR?PRPLOADFROMEEPROM?BASE
            CODE    4816H     014CH     UNIT         ?PR?CONSTRCUTSTRMIDSEQUENCE?SETINTF
            CODE    4962H     013DH     UNIT         ?PR?AUDIOINITIALIZE?AUDIOHANDLE
            CODE    4A9FH     013BH     UNIT         ?PR?DEVICERESET?BASE
            CODE    4BDAH     013BH     UNIT         ?PR?USBVIDEOSTREAMING?USBIF
            CODE    4D15H     013BH     UNIT         ?PR?CONTRUCTCS_VS_INTFDESC?SETINTF
            CODE    4E50H     0123H     UNIT         ?PR?_FUGETCTRL?AUDIOHANDLE
            CODE    4F73H     0120H     UNIT         ?PR?SETINTEFACEFUNC?DISPATCHER
            CODE    5093H     0118H     UNIT         ?PR?_GETTABW?SETINTF
            CODE    51ABH     0109H     UNIT         ?PR?REGSEQWRITECONTROL?EXUNIT
            CODE    52B4H     0103H     UNIT         ?PR?_CONSTRUCT_IMG_FRM_DESC?SETINTF
            CODE    53B7H     00FBH     UNIT         ?PR?_I2CEEPROMDIRRAM?BASE
            CODE    54B2H     00F9H     UNIT         ?PR?ISMEMREPLACEDEND?BASE
            CODE    55ABH     00F6H     UNIT         ?PR?AEMODESETCTRL?CAMTERMCTRL
            CODE    56A1H     00F4H     UNIT         ?PR?_ADDDESC?SETINTF
            CODE    5795H     00F1H     UNIT         ?PR?I2CACCESS?BASE
            CODE    5886H     00EAH     UNIT         ?PR?GETVCCONTROLDEF?USBIF
            CODE    5970H     00E9H     UNIT         ?PR?SPIRDID?BASE
            CODE    5A59H     00E8H     UNIT         ?PR?UPGRADEINTERANLSETCTRL?EXUNIT
            CODE    5B41H     00BDH     UNIT         ?PR?ISPSETPROPERTYGAMMA?ISP
            CODE    5BFEH     00BBH     UNIT         ?PR?EXTIMEABSGETCTRL?CAMTERMCTRL
            CODE    5CB9H     00BAH     UNIT         ?PR?_PUGETCONTROL?USBIF
            CODE    5D73H     00B9H     UNIT         ?PR?_GETTAB?SETINTF
            CODE    5E2CH     00B1H     UNIT         ?PR?_DB2GAINCONVERT?AUDIOHANDLE
            CODE    5EDDH     00A6H     UNIT         ?PR?_PUSETCONTROL?USBIF
            CODE    5F83H     00A5H     UNIT         ?PR?UPGRADEEXTERNALSETCTRL?EXUNIT
            CODE    6028H     00A2H     UNIT         ?PR?EXTIMEABSSETCTRL?CAMTERMCTRL
            CODE    60CAH     009AH     UNIT         ?PR?CAMERATERMSETCTRL?CAMTERMCTRL
            CODE    6164H     0099H     UNIT         ?PR?_EXUNITGETMISCCTRL?EXUNIT
            CODE    61FDH     0093H     UNIT         ?PR?CHECKOTPINDEX?BASE
            CODE    6290H     0093H     UNIT         ?PR?_CHECKLOADCACHEBUFCRC8?SETINTF
            CODE    6323H     008FH     UNIT         ?PR?_SELECSTREAMDIMENSION?DISPATCHER
            CODE    63B2H     008DH     UNIT         ?PR?_LOADTOUPGRADEDRAM?BASE
            CODE    643FH     0089H     UNIT         ?PR?_OTPREADDATA?BASE
            CODE    64C8H     0087H     UNIT         ?PR?_EXUNITGETLENCTRL?EXUNIT
            CODE    654FH     0084H     UNIT         ?PR?CHECKEEPROMI2CDEVID?BASE
            CODE    65D3H     007EH     UNIT         ?PR?USBCMD?USBIF
            CODE    6651H     0076H     UNIT         ?PR?USBALTBWSWITCH?USBIF
            CODE    66C7H     0074H     UNIT         ?PR?USBIF
            CODE    673BH     0073H     UNIT         ?PR?USBVIDEOCONTROL?USBIF
            CODE    67AEH     0071H     UNIT         ?PR?REGOTPCONTROL?EXUNIT
            CODE    681FH     006EH     UNIT         ?PR?USBVENDORCMD?USBIF
            CODE    688DH     006CH     UNIT         ?PR?SETWRITEPROTECT?EXUNIT
            CODE    68F9H     006BH     UNIT         ?PR?_LOADOTP_CRC8?BASE
            CODE    6964H     006BH     UNIT         ?PR?_EX_CALLBACKFUNCTION?BASE
            CODE    69CFH     0069H     UNIT         ?PR?_GETEXRESTABLE?SETINTF
            CODE    6A38H     0068H     UNIT         ?PR?FWINIT?BASE
            CODE    6AA0H     0064H     UNIT         ?PR?_UARTCHAR?UTIL
            CODE    6B04H     0061H     UNIT         ?PR?AUDIODEFAULTFORMAT?AUDIOHANDLE
            CODE    6B65H     0060H     UNIT         ?PR?_DWORDBIG2LITTLE_F?UTIL
            CODE    6BC5H     0060H     UNIT         ?PR?DISABLEDMIC?AUDIOHANDLE
            CODE    6C25H     005FH     UNIT         ?PR?PRIVACYCTRLTRIGGER?DISPATCHER
            CODE    6C84H     005EH     UNIT         ?PR?_SELECSTREAMFORMAT?DISPATCHER
            CODE    6CE2H     005CH     UNIT         ?PR?CHECKSPIRDYSTATUS?BASE
BL51 BANKED LINKER/LOCATER V5.03                                                      07/22/2020  17:08:20  PAGE 7


            CODE    6D3EH     005BH     UNIT         ?CO?ISP
            CODE    6D99H     005BH     UNIT         ?PR?CAMERATERMGETCTRL?CAMTERMCTRL
            CODE    6DF4H     005AH     UNIT         ?PR?_SETPTRTABEX?SETINTF
            CODE    6E4EH     0059H     UNIT         ?PR?_AUTOGENDESC?SETINTF
            CODE    6EA7H     0056H     UNIT         ?PR?WAITPARTIALFWLOAD?BASE
            CODE    6EFDH     0056H     UNIT         ?PR?GETPRIVACYCTRL?CAMTERMCTRL
            CODE    6F53H     0053H     UNIT         ?PR?_ISPGETCOS?ISP
            CODE    6FA6H     0053H     UNIT         ?PR?USBAUDIOCONTROL?AUDIOHANDLE
            CODE    6FF9H     004FH     UNIT         ?PR?_ISPGETSIN?ISP
            CODE    7048H     004FH     UNIT         ?PR?CONSTRUCTSTREAMTABLE?SETINTF
            CODE    7097H     004FH     UNIT         ?PR?CONSTRUCTDEFSTREMSET?SETINTF
            CODE    70E6H     004DH     UNIT         ?PR?ISPSETPROPERTYHUE?ISP
            CODE    7133H     004CH     UNIT         ?PR?AEMODEGETCTRL?CAMTERMCTRL
            CODE    717FH     004BH     UNIT         ?PR?HWINIT?BASE
            CODE    71CAH     004BH     UNIT         ?PR?ERASEBLOCKSPIFLASH?BASE
            CODE    7215H     004BH     UNIT         ?PR?_I2CEEPROMREADDATA?BASE
            CODE    7260H     0049H     UNIT         ?PR?_OTPWRITEDATA?BASE
            CODE    72A9H     0048H     UNIT         ?PR?_SCALEUPSETTING?DISPATCHER
            CODE    72F1H     0048H     UNIT         ?PR?EXTENSIONUNITGETCONTROL?EXUNIT
            CODE    7339H     0043H     UNIT         ?PR?SETPRIVACYCTRL?CAMTERMCTRL
            CODE    737CH     0041H     UNIT         ?PR?CONSTRUCTRESTABLE?SETINTF
            CODE    73BDH     0040H     UNIT         ?PR?SNAPSHOTTRIGGER?DISPATCHER
            CODE    73FDH     0040H     UNIT         ?PR?DMICVOLUME?AUDIOHANDLE
            CODE    743DH     003EH     UNIT         ?PR?ERASESPIFLASH?BASE
            CODE    747BH     003EH     UNIT         ?PR?_CONSTRUCTSTREAMRELATEDINFO?USBIF
            CODE    74B9H     003EH     UNIT         ?PR?CONSTRUCT_CONFDESC?SETINTF
            CODE    74F7H     003EH     UNIT         ?PR?CONSTRUCT_MJ_FORMAT_DESC?SETINTF
            CODE    7535H     003DH     UNIT         ?PR?MAINFP2DUMMY?BASE
            CODE    7572H     003CH     UNIT         ?PR?_GETTABMAPWORD?SETINTF
            CODE    75AEH     003BH     UNIT         ?PR?CHECKPROTECTION?BASE
            CODE    75E9H     0037H     UNIT         ?PR?PRIVACYCTRLINTERRUPT?CAMTERMCTRL
            CODE    7620H     0036H     UNIT         ?PR?_CHECKERRASETAG_CAL?BASE
            CODE    7656H     0035H     UNIT         ?PR?_GETTABMAPBYTE?SETINTF
            CODE    768BH     0034H     UNIT         ?PR?_SPIWRITESTATUS?BASE
            CODE    76BFH     0034H     UNIT         ?PR?DMICMUTE?AUDIOHANDLE
            CODE    76F3H     0032H     UNIT         ?PR?_SPIWRITECMD?BASE
            CODE    7725H     0032H     UNIT         ?PR?CONSTRUCT_UC_FORMAT_DESC?SETINTF
            CODE    7757H     002DH     UNIT         ?PR?AEPRIORITYGETCTRL?CAMTERMCTRL
            CODE    7784H     002CH     UNIT         ?PR?QUEUEPRPSAVEREQ?BASE
            CODE    77B0H     002AH     UNIT         ?PR?ISPSETPROPERTYBRIGHTNESS?ISP
            CODE    77DAH     002AH     UNIT         ?PR?ISPSETPROPERTYCONTRAST?ISP
            CODE    7804H     002AH     UNIT         ?PR?LOADDEFAULTSETTING?SETINTF
            CODE    782EH     0029H     UNIT         ?PR?OTPWRITEENABLE?BASE
            CODE    7857H     0029H     UNIT         ?PR?_SETEEPROMSIZE?EXUNIT
            CODE    7880H     0027H     UNIT         ?PR?USBCLASSCMD?USBIF
            CODE    78A7H     0025H     UNIT         ?PR?TIMER1ISR?UTIL
            CODE    78CCH     0023H     UNIT         ?PR?INT1ISR?BASE
            CODE    78EFH     0021H     UNIT         ?PR?_OTPROMADDRUPDATE?BASE
            CODE    7910H     0021H     UNIT         ?PR?_UARTBYTE2HEXNOCR?UTIL
            CODE    7931H     0021H     UNIT         ?PR?TIMER0ISR?UTIL
            CODE    7952H     0020H     UNIT         ?PR?OTPWRITEDISABLE?BASE
            CODE    7972H     0020H     UNIT         ?PR?ERRHANDLESEGFW?BASE
            CODE    7992H     001FH     UNIT         ?PR?TIMER2ISR?BASE
            CODE    79B1H     001FH     UNIT         ?PR?EANBLETIMER2?BASE
            CODE    79D0H     001EH     UNIT         ?PR?ENABLECONNECTION?BASE
            CODE    79EEH     001EH     UNIT         ?PR?CHECKERRASETAG?BASE
            CODE    7A0CH     001EH     UNIT         ?CO?BASE
BL51 BANKED LINKER/LOCATER V5.03                                                      07/22/2020  17:08:20  PAGE 8


            CODE    7A2AH     001AH     UNIT         ?PR?AEPRIORITYSETCTRL?CAMTERMCTRL
            CODE    7A44H     0019H     UNIT         ?PR?COMPLETEPRPSAVEREQ?BASE
            CODE    7A5DH     0019H     UNIT         ?PR?_DELAY1MS?UTIL
            CODE    7A76H     0019H     UNIT         ?PR?_DELAY10US?UTIL
            CODE    7A8FH     0019H     UNIT         ?PR?CONSTRUCT_COLORMATCH_DESC?SETINTF
            CODE    7AA8H     0018H     UNIT         ?PR?_SENSORI2CREADDATA?BASE
            CODE    7AC0H     0018H     UNIT         ?PR?_UARTSTRING?UTIL
            CODE    7AD8H     0018H     UNIT         ?PR?_INTERNALROMPROG?EXUNIT
            CODE    7AF0H     0017H     UNIT         ?PR?_OTP_ROMENABLE?BASE
            CODE    7B07H     0017H     UNIT         ?PR?_READBACKCHECK?BASE
            CODE    7B1EH     0017H     UNIT         ?PR?_SENSORI2CWRITEDATA?BASE
            CODE    7B35H     0016H     UNIT         ?PR?_UARTWORD2HEX?UTIL
            CODE    7B4BH     0015H     UNIT         ?PR?EXCALLBACKFUN_TOROM?BASE
            CODE    7B60H     0014H     UNIT         ?PR?INT0ISR?BASE
            CODE    7B74H     0014H     UNIT         ?PR?WAITTXEND?USBIF
            CODE    7B88H     0013H     UNIT         ?PR?UPGRADEINTERANLGETCTRL?EXUNIT
            CODE    7B9BH     0013H     UNIT         ?PR?EXGETCTRLRETURNDATA?EXUNIT
            CODE    7BAEH     0013H     UNIT         ?PR?SETCURREQUESTNOERR?CAMTERMCTRL
            CODE    7BC1H     0012H     UNIT         ?PR?EXCALLBACKFUN_TORAM?BASE
            CODE    7BD3H     0012H     UNIT         ?PR?_GETFPSTABLEINDEX?SETINTF
            CODE    7BE5H     0011H     UNIT         ?PR?_SETUPASYNCTIMER?UTIL
            CODE    7BF6H     0010H     UNIT         ?PR?REMOVEPRPSAVEREQ?BASE
            CODE    7C06H     000FH     UNIT         ?PR?_HEXTABLE?UTIL
            CODE    7C15H     000EH     UNIT         ?PR?INVALIDCTRLANDSTALL?USBIF
            CODE    7C23H     000EH     UNIT         ?PR?OUTOFRANGECTRLANDSTALL?USBIF
            CODE    7C31H     000EH     UNIT         ?PR?INVALIDREQUESTANDSTALL?USBIF
            CODE    7C3FH     000CH     UNIT         ?C_C51STARTUP
            CODE    7C4BH     000CH     UNIT         ?PR?INT0ENABLE?BASE
            CODE    7C57H     000CH     UNIT         ?PR?ENABLEASYNCTIMER?UTIL
            CODE    7C63H     000BH     UNIT         ?PR?ISPSETPROPERTYSATURATION?ISP
            CODE    7C6EH     000BH     UNIT         ?PR?ISASYNCTIMEOUT?UTIL
            CODE    7C79H     000AH     UNIT         ?PR?UARTCARRYRETURN?UTIL
            CODE    7C83H     0009H     UNIT         ?PR?DISABLETIMER2?BASE
            CODE    7C8CH     0006H     UNIT         ?PR?OTPMODEENTER?BASE
            CODE    7C92H     0006H     UNIT         ?PR?INT1ENABLE?BASE
            CODE    7C98H     0006H     UNIT         ?PR?_UARTBYTE2HEX?UTIL
            CODE    7C9EH     0004H     UNIT         ?PR?INT0DISABLE?BASE
            CODE    7CA2H     0004H     UNIT         ?PR?INT1DISABLE?BASE
            CODE    7CA6H     0004H     UNIT         ?PR?DUMMYHIDSTANDCTRL?DUMMY
            CODE    7CAAH     0003H     UNIT         ?PR?EXSETUPHOOKFUNC?DUMMY
            CODE    7CADH     0003H     UNIT         ?PR?EXDEEPSETUPHOOK?DUMMY
            CODE    7CB0H     0003H     UNIT         ?PR?HOOKGETSTRINGDESC?DUMMY
            CODE    7CB3H     0001H     UNIT         ?PR?OTPMODELEAVE?BASE
            CODE    7CB4H     0001H     UNIT         ?PR?EXMAINHOOKFUNC?DUMMY
            CODE    7CB5H     0001H     UNIT         ?PR?ISROFTIME1?DUMMY
            CODE    7CB6H     0001H     UNIT         ?PR?INEXTERNALRESET?DUMMY
            CODE    7CB7H     0001H     UNIT         ?PR?INCONTROLINTERRUPTROUTINE?DUMMY
            CODE    7CB8H     0001H     UNIT         ?PR?INSENSOREXTENUNITCTRL?DUMMY
            CODE    7CB9H     0001H     UNIT         ?PR?INEXSTATEFUNCTION?DUMMY
            CODE    7CBAH     0001H     UNIT         ?PR?_HARDWAREINIT?PROTECT
                    7CBBH     0345H                  *** GAP ***
            CODE    8000H     0002H     UNIT         ?CO?XSENSOR



OVERLAY MAP OF MODULE:   .\output\EDWIN-TX (?C_STARTUP)

BL51 BANKED LINKER/LOCATER V5.03                                                      07/22/2020  17:08:20  PAGE 9



SEGMENT                                         DATA_GROUP          IDATA_GROUP         XDATA_GROUP
  +--> CALLED SEGMENT                         START    LENGTH     START    LENGTH     START    LENGTH
-----------------------------------------------------------------------------------------------------
?C_C51STARTUP                                 -----    -----      -----    -----      -----    -----
  +--> ?PR?MAIN?DISPATCHER

?PR?MAIN?DISPATCHER                           -----    -----      -----    -----      -----    -----
  +--> ?PR?HWINIT?BASE
  +--> ?PR?FWINIT?BASE
  +--> ?PR?ENABLEASYNCTIMER?UTIL
  +--> ?PR?SETINTEFACEFUNC?DISPATCHER
  +--> ?PR?FWLOADXFIRMWARE?BASE
  +--> ?PR?FWLOADOTP?BASE
  +--> ?PR?_SETPTRTABEX?SETINTF
  +--> ?PR?AUDIODEFAULTFORMAT?AUDIOHANDLE
  +--> ?CO?XSENSOR
  +--> ?PR?_REPLACEFW?BASE
  +--> ?PR?ERRHANDLESEGFW?BASE
  +--> ?PR?ISMEMREPLACEDEND?BASE
  +--> ?PR?AUDIOINITIALIZE?AUDIOHANDLE
  +--> ?PR?DEVICERESET?BASE
  +--> ?PR?ENABLECONNECTION?BASE
  +--> ?PR?INT0DISABLE?BASE
  +--> ?PR?INT1DISABLE?BASE
  +--> ?PR?INT0ENABLE?BASE
  +--> ?PR?INT1ENABLE?BASE
  +--> ?PR?DISABLEDMIC?AUDIOHANDLE
  +--> ?PR?USBCMD?USBIF
  +--> ?PR?STATEFUNCTION?DISPATCHER
  +--> ?PR?SNAPSHOTTRIGGER?DISPATCHER
  +--> ?PR?PRIVACYCTRLTRIGGER?DISPATCHER
  +--> ?PR?COMPLETEPRPSAVEREQ?BASE
  +--> ?PR?_EX_CALLBACKFUNCTION?BASE
  +--> ?PR?_GETTABW?SETINTF

?PR?FWINIT?BASE                               -----    -----      -----    -----      -----    -----
  +--> ?PR?CHECKPROTECTION?BASE
  +--> ?PR?_OTP_ROMENABLE?BASE

?PR?CHECKPROTECTION?BASE                      -----    -----      -----    -----      -----    -----
  +--> ?PR?_DELAY10US?UTIL

?PR?SETINTEFACEFUNC?DISPATCHER                -----    -----      -----    -----      -----    -----
  +--> ?PR?ISPSETPROPERTYBRIGHTNESS?ISP
  +--> ?PR?ISPSETPROPERTYCONTRAST?ISP
  +--> ?PR?ISPSETPROPERTYHUE?ISP
  +--> ?PR?ISPSETPROPERTYSATURATION?ISP
  +--> ?PR?ISPSETPROPERTYGAMMA?ISP
  +--> ?PR?_SETPTRTABEX?SETINTF
  +--> ?PR?_GETTAB?SETINTF
  +--> ?PR?_GETTABW?SETINTF
  +--> ?PR?_DELAY1MS?UTIL
  +--> ?PR?_DELAY10US?UTIL
  +--> ?PR?_UARTBYTE2HEX?UTIL
  +--> ?PR?_UARTWORD2HEX?UTIL
  +--> ?PR?_UARTSTRING?UTIL
BL51 BANKED LINKER/LOCATER V5.03                                                      07/22/2020  17:08:20  PAGE 10


  +--> ?PR?_SETUPASYNCTIMER?UTIL
  +--> ?PR?ISASYNCTIMEOUT?UTIL
  +--> ?PR?_HARDWAREINIT?PROTECT
  +--> ?PR?_SENSORI2CREADDATA?BASE
  +--> ?PR?_SENSORI2CWRITEDATA?BASE
  +--> ?PR?EXSETUPHOOKFUNC?DUMMY
  +--> ?PR?EXMAINHOOKFUNC?DUMMY
  +--> ?PR?_ADDDESC?SETINTF
  +--> ?PR?EXDEEPSETUPHOOK?DUMMY
  +--> ?PR?HOOKGETSTRINGDESC?DUMMY
  +--> ?PR?ISROFTIME1?DUMMY
  +--> ?PR?_I2CEEPROMREADDATA?BASE
  +--> ?PR?_I2CEEPROMWRITEDATA?BASE
  +--> ?PR?MAINFP2DUMMY?BASE
  +--> ?PR?DUMMYHIDSTANDCTRL?DUMMY
  +--> ?PR?_SCALEUPSETTING?DISPATCHER

?PR?ISPSETPROPERTYHUE?ISP                     -----    -----      -----    -----      -----    -----
  +--> ?PR?_ISPGETCOS?ISP
  +--> ?PR?_ISPGETSIN?ISP

?PR?_ISPGETCOS?ISP                            -----    -----      -----    -----      -----    -----
  +--> ?CO?ISP

?PR?_ISPGETSIN?ISP                            -----    -----      -----    -----      -----    -----
  +--> ?CO?ISP

?PR?ISPSETPROPERTYGAMMA?ISP                   0010H    0005H      -----    -----      -----    -----
  +--> ?PR?_SETPTRTABEX?SETINTF
  +--> ?PR?_GETTAB?SETINTF

?PR?_SETPTRTABEX?SETINTF                      -----    -----      00A6H    0001H      -----    -----
  +--> ?CO?INTABLE
  +--> ?PR?_GETTABMAPBYTE?SETINTF
  +--> ?PR?_SETPTRTABBYID?SETINTF

?PR?_GETTABMAPBYTE?SETINTF                    -----    -----      -----    -----      -----    -----
  +--> ?PR?WAITPARTIALFWLOAD?BASE

?PR?_SETPTRTABBYID?SETINTF                    -----    -----      -----    -----      -----    -----
  +--> ?CO?INTABLE
  +--> ?CO?SETINTF
  +--> ?PR?_GETTABMAPWORD?SETINTF

?CO?SETINTF                                   -----    -----      -----    -----      -----    -----
  +--> ?CO?INTABLE
  +--> ?CO?AUDIOHANDLE

?PR?_GETTABMAPWORD?SETINTF                    -----    -----      -----    -----      -----    -----
  +--> ?PR?WAITPARTIALFWLOAD?BASE

?PR?_GETTAB?SETINTF                           -----    -----      -----    -----      -----    -----
  +--> ?PR?_GETTABMAPBYTE?SETINTF
  +--> ?PR?WAITPARTIALFWLOAD?BASE
  +--> ?PR?_OTPREADDATA?BASE
  +--> ?PR?_CHECKLOADCACHEBUFCRC8?SETINTF

BL51 BANKED LINKER/LOCATER V5.03                                                      07/22/2020  17:08:20  PAGE 11


?PR?_OTPREADDATA?BASE                         -----    -----      -----    -----      -----    -----
  +--> ?PR?_OTP_ROMENABLE?BASE

?PR?_CHECKLOADCACHEBUFCRC8?SETINTF            -----    -----      00A6H    0002H      -----    -----
  +--> ?PR?WAITPARTIALFWLOAD?BASE
  +--> ?PR?_I2CEEPROMREADDATA?BASE

?PR?_I2CEEPROMREADDATA?BASE                   -----    -----      -----    -----      -----    -----
  +--> ?PR?I2CACCESS?BASE
  +--> ?PR?_I2CEEPROMDIRRAM?BASE

?PR?I2CACCESS?BASE                            -----    -----      -----    -----      -----    -----
  +--> ?PR?_DELAY10US?UTIL

?PR?_I2CEEPROMDIRRAM?BASE                     -----    -----      -----    -----      -----    -----
  +--> ?PR?CHECKSPIRDYSTATUS?BASE

?PR?CHECKSPIRDYSTATUS?BASE                    -----    -----      -----    -----      -----    -----
  +--> ?PR?_DELAY10US?UTIL

?PR?_GETTABW?SETINTF                          -----    -----      -----    -----      -----    -----
  +--> ?PR?_GETTABMAPWORD?SETINTF
  +--> ?PR?WAITPARTIALFWLOAD?BASE
  +--> ?PR?_OTPREADDATA?BASE
  +--> ?PR?_CHECKLOADCACHEBUFCRC8?SETINTF

?PR?_UARTBYTE2HEX?UTIL                        -----    -----      -----    -----      -----    -----
  +--> ?PR?_UARTBYTE2HEXNOCR?UTIL
  +--> ?PR?UARTCARRYRETURN?UTIL

?PR?_UARTBYTE2HEXNOCR?UTIL                    -----    -----      -----    -----      -----    -----
  +--> ?PR?_HEXTABLE?UTIL
  +--> ?PR?_UARTCHAR?UTIL

?PR?UARTCARRYRETURN?UTIL                      -----    -----      -----    -----      -----    -----
  +--> ?PR?_UARTCHAR?UTIL

?PR?_UARTWORD2HEX?UTIL                        -----    -----      -----    -----      -----    -----
  +--> ?PR?_UARTBYTE2HEXNOCR?UTIL
  +--> ?PR?_UARTBYTE2HEX?UTIL

?PR?_UARTSTRING?UTIL                          -----    -----      -----    -----      -----    -----
  +--> ?PR?_UARTCHAR?UTIL
  +--> ?PR?UARTCARRYRETURN?UTIL

?PR?_SENSORI2CREADDATA?BASE                   -----    -----      -----    -----      -----    -----
  +--> ?PR?I2CACCESS?BASE

?PR?_SENSORI2CWRITEDATA?BASE                  -----    -----      -----    -----      -----    -----
  +--> ?PR?I2CACCESS?BASE

?PR?_ADDDESC?SETINTF                          0010H    0002H      -----    -----      -----    -----

?PR?_I2CEEPROMWRITEDATA?BASE                  -----    -----      0089H    0001H      -----    -----
  +--> ?PR?I2CACCESS?BASE
  +--> ?PR?_DELAY10US?UTIL
  +--> ?PR?SPIWRITEDISABLE?BASE
BL51 BANKED LINKER/LOCATER V5.03                                                      07/22/2020  17:08:20  PAGE 12


  +--> ?PR?SPIWRITEENABLE?BASE

?PR?SPIWRITEDISABLE?BASE                      -----    -----      -----    -----      -----    -----
  +--> ?PR?_SPIWRITECMD?BASE

?PR?_SPIWRITECMD?BASE                         0017H    0001H      -----    -----      -----    -----
  +--> ?PR?CHECKSPIRDYSTATUS?BASE

?PR?SPIWRITEENABLE?BASE                       -----    -----      -----    -----      -----    -----
  +--> ?PR?_SPIWRITECMD?BASE

?PR?MAINFP2DUMMY?BASE                         -----    -----      -----    -----      -----    -----
  +--> ?PR?INEXTERNALRESET?DUMMY
  +--> ?PR?INCONTROLINTERRUPTROUTINE?DUMMY
  +--> ?PR?INSENSOREXTENUNITCTRL?DUMMY
  +--> ?PR?INEXSTATEFUNCTION?DUMMY
  +--> ?PR?EXMAINHOOKFUNC?DUMMY
  +--> ?PR?ISROFTIME1?DUMMY

?PR?FWLOADXFIRMWARE?BASE                      0010H    0001H      -----    -----      -----    -----
  +--> ?CO?BASE
  +--> ?PR?CHECKEEPROMI2CDEVID?BASE
  +--> ?PR?_I2CEEPROMREADDATA?BASE
  +--> ?PR?_LOADTOUPGRADEDRAM?BASE

?PR?CHECKEEPROMI2CDEVID?BASE                  0011H    0001H      -----    -----      -----    -----
  +--> ?PR?SPIRDID?BASE
  +--> ?PR?_DELAY10US?UTIL

?PR?SPIRDID?BASE                              0012H    0001H      -----    -----      -----    -----
  +--> ?CO?BASE
  +--> ?PR?_SPIWRITESTATUS?BASE

?PR?_SPIWRITESTATUS?BASE                      0013H    0001H      -----    -----      -----    -----
  +--> ?PR?SST_ENABLEWRITESTATUS?BASE

?PR?SST_ENABLEWRITESTATUS?BASE                -----    -----      -----    -----      -----    -----
  +--> ?PR?_SPIWRITECMD?BASE

?PR?_LOADTOUPGRADEDRAM?BASE                   -----    -----      -----    -----      -----    -----
  +--> ?PR?_I2CEEPROMDIRRAM?BASE
  +--> ?PR?WAITPARTIALFWLOAD?BASE

?PR?FWLOADOTP?BASE                            -----    -----      -----    -----      0A2BH    000AH
  +--> ?PR?_OTPROMADDRUPDATE?BASE
  +--> ?PR?CHECKOTPINDEX?BASE
  +--> ?PR?_LOADOTP_CRC8?BASE
  +--> ?PR?_OTP_ROMENABLE?BASE
  +--> ?PR?_LOADTOUPGRADEDRAM?BASE

?PR?_OTPROMADDRUPDATE?BASE                    -----    -----      -----    -----      -----    -----
  +--> ?PR?_OTP_ROMENABLE?BASE

?PR?CHECKOTPINDEX?BASE                        0010H    0002H      -----    -----      -----    -----
  +--> ?PR?_LOADOTP_CRC8?BASE

?PR?_LOADOTP_CRC8?BASE                        0012H    0008H      -----    -----      -----    -----
BL51 BANKED LINKER/LOCATER V5.03                                                      07/22/2020  17:08:20  PAGE 13



?PR?AUDIODEFAULTFORMAT?AUDIOHANDLE            -----    -----      -----    -----      -----    -----
  +--> ?PR?_SETPTRTABEX?SETINTF
  +--> ?PR?_GETTAB?SETINTF

?PR?_REPLACEFW?BASE                           0010H    0004H      -----    -----      -----    -----
  +--> ?PR?MAINFP2DUMMY?BASE
  +--> ?PR?_I2CEEPROMDIRRAM?BASE
  +--> ?PR?_OTPROMADDRUPDATE?BASE
  +--> ?PR?_OTP_ROMENABLE?BASE

?PR?ISMEMREPLACEDEND?BASE                     -----    -----      -----    -----      -----    -----
  +--> ?CO?XSENSOR

?PR?AUDIOINITIALIZE?AUDIOHANDLE               -----    -----      0080H    0002H      -----    -----
  +--> ?CO?AUDIOHANDLE
  +--> ?PR?_DB2GAINCONVERT?AUDIOHANDLE
  +--> ?PR?_SETPTRTABEX?SETINTF
  +--> ?PR?_GETTAB?SETINTF

?PR?_DB2GAINCONVERT?AUDIOHANDLE               0013H    0002H      -----    -----      -----    -----
  +--> ?CO?AUDIOHANDLE

?PR?DEVICERESET?BASE                          -----    -----      -----    -----      -----    -----
  +--> ?PR?REMOVEPRPSAVEREQ?BASE
  +--> ?PR?PRPLOADFROMEEPROM?BASE
  +--> ?PR?GETVCCONTROLDEF?USBIF
  +--> ?PR?_SETPTRTABEX?SETINTF
  +--> ?PR?_GETTAB?SETINTF
  +--> ?PR?_GETTABW?SETINTF

?PR?REMOVEPRPSAVEREQ?BASE                     -----    -----      -----    -----      -----    -----
  +--> ?PR?DISABLETIMER2?BASE

?PR?PRPLOADFROMEEPROM?BASE                    0010H    0003H      -----    -----      -----    -----
  +--> ?PR?CHECKERRASETAG?BASE
  +--> ?PR?_I2CEEPROMREADDATA?BASE

?PR?CHECKERRASETAG?BASE                       -----    -----      -----    -----      -----    -----
  +--> ?PR?_CHECKERRASETAG_CAL?BASE

?PR?_CHECKERRASETAG_CAL?BASE                  0015H    0002H      0089H    0001H      -----    -----
  +--> ?PR?_I2CEEPROMREADDATA?BASE
  +--> ?PR?ERASEBLOCKSPIFLASH?BASE

?PR?ERASEBLOCKSPIFLASH?BASE                   -----    -----      -----    -----      -----    -----
  +--> ?PR?SPIWRITEENABLE?BASE
  +--> ?CO?BASE

?PR?GETVCCONTROLDEF?USBIF                     -----    -----      -----    -----      -----    -----
  +--> ?PR?_SETPTRTABEX?SETINTF
  +--> ?PR?_GETTABW?SETINTF
  +--> ?PR?_GETTAB?SETINTF

?PR?DISABLEDMIC?AUDIOHANDLE                   -----    -----      -----    -----      -----    -----
  +--> ?PR?_EX_CALLBACKFUNCTION?BASE

BL51 BANKED LINKER/LOCATER V5.03                                                      07/22/2020  17:08:20  PAGE 14


?PR?_EX_CALLBACKFUNCTION?BASE                 0017H    0002H      -----    -----      -----    -----
  +--> ?PR?EXCALLBACKFUN_TOROM?BASE
  +--> ?PR?EXCALLBACKFUN_TORAM?BASE

?PR?EXCALLBACKFUN_TOROM?BASE                  -----    -----      -----    -----      -----    -----
  +--> ?PR?WAITPARTIALFWLOAD?BASE

?PR?USBCMD?USBIF                              -----    -----      -----    -----      -----    -----
  +--> ?PR?_EX_CALLBACKFUNCTION?BASE
  +--> ?PR?USBCLASSCMD?USBIF
  +--> ?PR?USBSTANDARDCMD?USBIF
  +--> ?PR?USBVENDORCMD?USBIF

?PR?USBCLASSCMD?USBIF                         -----    -----      -----    -----      -----    -----
  +--> ?PR?USBVIDEOCONTROL?USBIF
  +--> ?PR?USBVIDEOSTREAMING?USBIF
  +--> ?PR?USBAUDIOCONTROL?AUDIOHANDLE
  +--> ?PR?USBAUDIOSTREAMINGEP?AUDIOHANDLE

?PR?USBVIDEOCONTROL?USBIF                     -----    -----      -----    -----      -----    -----
  +--> ?PR?USBVIDEOPUSETCONTROL?USBIF
  +--> ?PR?USBVIDEOPUGETCONTROL?USBIF
  +--> ?PR?EXTENSIONUNITSETCONTROL?EXUNIT
  +--> ?PR?EXTENSIONUNITGETCONTROL?EXUNIT
  +--> ?PR?CAMERATERMSETCTRL?CAMTERMCTRL
  +--> ?PR?CAMERATERMGETCTRL?CAMTERMCTRL
  +--> ?PR?INVALIDCTRLANDSTALL?USBIF
  +--> ?PR?INVALIDREQUESTANDSTALL?USBIF
  +--> ?PR?WAITTXEND?USBIF

?PR?USBVIDEOPUSETCONTROL?USBIF                -----    -----      -----    -----      -----    -----
  +--> ?PR?_PUSETCONTROL?USBIF
  +--> ?PR?OUTOFRANGECTRLANDSTALL?USBIF
  +--> ?PR?QUEUEPRPSAVEREQ?BASE
  +--> ?PR?INVALIDCTRLANDSTALL?USBIF
  +--> ?CO?INTABLE

?PR?_PUSETCONTROL?USBIF                       0010H    000BH      -----    -----      -----    -----
  +--> ?PR?_SETPTRTABEX?SETINTF
  +--> ?PR?_GETTABW?SETINTF
  +--> ?PR?OUTOFRANGECTRLANDSTALL?USBIF
  +--> ?PR?QUEUEPRPSAVEREQ?BASE

?PR?QUEUEPRPSAVEREQ?BASE                      -----    -----      -----    -----      -----    -----
  +--> ?PR?DISABLETIMER2?BASE
  +--> ?PR?EANBLETIMER2?BASE

?PR?USBVIDEOPUGETCONTROL?USBIF                0010H    0009H      -----    -----      -----    -----
  +--> ?PR?_SETPTRTABEX?SETINTF
  +--> ?PR?_GETTAB?SETINTF
  +--> ?PR?_PUGETCONTROL?USBIF
  +--> ?PR?USBIF
  +--> ?PR?INVALIDCTRLANDSTALL?USBIF
  +--> ?PR?INVALIDREQUESTANDSTALL?USBIF
  +--> ?PR?WAITTXEND?USBIF

?PR?_PUGETCONTROL?USBIF                       0019H    0007H      -----    -----      -----    -----
BL51 BANKED LINKER/LOCATER V5.03                                                      07/22/2020  17:08:20  PAGE 15


  +--> ?PR?_SETPTRTABEX?SETINTF
  +--> ?PR?USBIF
  +--> ?PR?_GETTAB?SETINTF
  +--> ?PR?_GETTABW?SETINTF

?PR?EXTENSIONUNITSETCONTROL?EXUNIT            0010H    0001H      -----    -----      -----    -----
  +--> ?PR?EXCALLBACKFUN_TOROM?BASE
  +--> ?PR?EXCALLBACKFUN_TORAM?BASE
  +--> ?PR?UPGRADEEXTERNALSETCTRL?EXUNIT
  +--> ?PR?QUEUEPRPSAVEREQ?BASE
  +--> ?PR?REGSEQWRITECONTROL?EXUNIT
  +--> ?PR?UPGRADEINTERANLSETCTRL?EXUNIT
  +--> ?PR?_SETEEPROMSIZE?EXUNIT
  +--> ?PR?SETWRITEPROTECT?EXUNIT
  +--> ?PR?_EX_CALLBACKFUNCTION?BASE
  +--> ?PR?REGOTPCONTROL?EXUNIT
  +--> ?PR?INVALIDREQUESTANDSTALL?USBIF

?PR?UPGRADEEXTERNALSETCTRL?EXUNIT             0011H    0003H      -----    -----      -----    -----
  +--> ?PR?ERASESPIFLASH?BASE
  +--> ?PR?_I2CEEPROMWRITEDATA?BASE
  +--> ?PR?_I2CEEPROMREADDATA?BASE

?PR?ERASESPIFLASH?BASE                        -----    -----      -----    -----      -----    -----
  +--> ?CO?BASE

?PR?REGSEQWRITECONTROL?EXUNIT                 0011H    0003H      -----    -----      -----    -----
  +--> ?PR?EXCALLBACKFUN_TOROM?BASE
  +--> ?PR?EXCALLBACKFUN_TORAM?BASE

?PR?UPGRADEINTERANLSETCTRL?EXUNIT             0011H    0003H      -----    -----      -----    -----
  +--> ?PR?_INTERNALROMPROG?EXUNIT
  +--> ?PR?_DELAY10US?UTIL

?PR?_INTERNALROMPROG?EXUNIT                   0014H    0002H      -----    -----      -----    -----

?PR?_SETEEPROMSIZE?EXUNIT                     0011H    0001H      -----    -----      -----    -----
  +--> ?PR?SPIRDID?BASE

?PR?SETWRITEPROTECT?EXUNIT                    -----    -----      -----    -----      -----    -----
  +--> ?PR?SPIWRITEENABLE?BASE

?PR?REGOTPCONTROL?EXUNIT                      0011H    0002H      -----    -----      -----    -----
  +--> ?PR?OTPMODEENTER?BASE
  +--> ?PR?OTPMODELEAVE?BASE
  +--> ?PR?_OTPREADDATA?BASE
  +--> ?PR?OTPWRITEENABLE?BASE
  +--> ?PR?OTPWRITEDISABLE?BASE
  +--> ?PR?_OTPWRITEDATA?BASE

?PR?OTPMODEENTER?BASE                         -----    -----      -----    -----      -----    -----
  +--> ?PR?MAINFP2DUMMY?BASE

?PR?OTPWRITEENABLE?BASE                       -----    -----      -----    -----      -----    -----
  +--> ?PR?_OTP_ROMENABLE?BASE
  +--> ?PR?_DELAY1MS?UTIL

BL51 BANKED LINKER/LOCATER V5.03                                                      07/22/2020  17:08:20  PAGE 16


?PR?OTPWRITEDISABLE?BASE                      -----    -----      -----    -----      -----    -----
  +--> ?PR?_DELAY10US?UTIL
  +--> ?PR?_DELAY1MS?UTIL

?PR?EXTENSIONUNITGETCONTROL?EXUNIT            -----    -----      -----    -----      -----    -----
  +--> ?PR?_EXUNITGETCURCTRL?EXUNIT
  +--> ?PR?WAITTXEND?USBIF
  +--> ?PR?_EXUNITGETLENCTRL?EXUNIT
  +--> ?PR?_EXUNITGETMISCCTRL?EXUNIT
  +--> ?PR?INVALIDREQUESTANDSTALL?USBIF

?PR?_EXUNITGETCURCTRL?EXUNIT                  0010H    0002H      -----    -----      -----    -----
  +--> ?PR?EXCALLBACKFUN_TOROM?BASE
  +--> ?PR?EXCALLBACKFUN_TORAM?BASE
  +--> ?PR?UPGRADEINTERANLGETCTRL?EXUNIT
  +--> ?PR?_SETPTRTABEX?SETINTF
  +--> ?PR?_GETTAB?SETINTF
  +--> ?CO?SETINTF
  +--> ?PR?EXGETCTRLRETURNDATA?EXUNIT
  +--> ?PR?INVALIDREQUESTANDSTALL?USBIF
  +--> ?PR?WAITTXEND?USBIF

?PR?_EXUNITGETLENCTRL?EXUNIT                  -----    -----      -----    -----      -----    -----
  +--> ?PR?INVALIDREQUESTANDSTALL?USBIF
  +--> ?PR?WAITTXEND?USBIF

?PR?_EXUNITGETMISCCTRL?EXUNIT                 0010H    0001H      -----    -----      -----    -----
  +--> ?PR?INVALIDREQUESTANDSTALL?USBIF
  +--> ?PR?WAITTXEND?USBIF

?PR?CAMERATERMSETCTRL?CAMTERMCTRL             0010H    0003H      -----    -----      -----    -----
  +--> ?PR?_SETPTRTABEX?SETINTF
  +--> ?PR?_GETTAB?SETINTF
  +--> ?PR?AEMODESETCTRL?CAMTERMCTRL
  +--> ?PR?AEPRIORITYSETCTRL?CAMTERMCTRL
  +--> ?PR?EXTIMEABSSETCTRL?CAMTERMCTRL
  +--> ?PR?SETPRIVACYCTRL?CAMTERMCTRL
  +--> ?PR?INVALIDCTRLANDSTALL?USBIF

?PR?AEMODESETCTRL?CAMTERMCTRL                 0013H    0005H      -----    -----      -----    -----
  +--> ?PR?_SETPTRTABEX?SETINTF
  +--> ?PR?_GETTAB?SETINTF
  +--> ?PR?SETCURREQUESTNOERR?CAMTERMCTRL
  +--> ?PR?_GETFPSTABLEINDEX?SETINTF
  +--> ?CO?INTABLE
  +--> ?PR?OUTOFRANGECTRLANDSTALL?USBIF

?PR?AEPRIORITYSETCTRL?CAMTERMCTRL             -----    -----      -----    -----      -----    -----
  +--> ?PR?OUTOFRANGECTRLANDSTALL?USBIF
  +--> ?PR?SETCURREQUESTNOERR?CAMTERMCTRL

?PR?EXTIMEABSSETCTRL?CAMTERMCTRL              -----    -----      0080H    000CH      -----    -----
  +--> ?PR?_SETPTRTABEX?SETINTF
  +--> ?PR?_GETTABW?SETINTF
  +--> ?PR?OUTOFRANGECTRLANDSTALL?USBIF
  +--> ?PR?SETCURREQUESTNOERR?CAMTERMCTRL

BL51 BANKED LINKER/LOCATER V5.03                                                      07/22/2020  17:08:20  PAGE 17


?PR?SETPRIVACYCTRL?CAMTERMCTRL                -----    -----      -----    -----      -----    -----
  +--> ?PR?SETCURREQUESTNOERR?CAMTERMCTRL
  +--> ?PR?PRIVACYCTRLINTERRUPT?CAMTERMCTRL
  +--> ?PR?OUTOFRANGECTRLANDSTALL?USBIF

?PR?CAMERATERMGETCTRL?CAMTERMCTRL             0010H    0002H      -----    -----      -----    -----
  +--> ?PR?_SETPTRTABEX?SETINTF
  +--> ?PR?_GETTAB?SETINTF
  +--> ?PR?AEMODEGETCTRL?CAMTERMCTRL
  +--> ?PR?AEPRIORITYGETCTRL?CAMTERMCTRL
  +--> ?PR?EXTIMEABSGETCTRL?CAMTERMCTRL
  +--> ?PR?GETPRIVACYCTRL?CAMTERMCTRL
  +--> ?PR?INVALIDCTRLANDSTALL?USBIF

?PR?AEMODEGETCTRL?CAMTERMCTRL                 -----    -----      -----    -----      -----    -----
  +--> ?PR?_SETPTRTABEX?SETINTF
  +--> ?PR?_GETTAB?SETINTF
  +--> ?PR?INVALIDREQUESTANDSTALL?USBIF
  +--> ?PR?WAITTXEND?USBIF

?PR?AEPRIORITYGETCTRL?CAMTERMCTRL             -----    -----      -----    -----      -----    -----
  +--> ?PR?INVALIDREQUESTANDSTALL?USBIF
  +--> ?PR?WAITTXEND?USBIF

?PR?EXTIMEABSGETCTRL?CAMTERMCTRL              0012H    0004H      -----    -----      -----    -----
  +--> ?PR?_SETPTRTABEX?SETINTF
  +--> ?PR?_GETTAB?SETINTF
  +--> ?PR?_GETTABW?SETINTF
  +--> ?PR?INVALIDREQUESTANDSTALL?USBIF
  +--> ?PR?WAITTXEND?USBIF

?PR?GETPRIVACYCTRL?CAMTERMCTRL                0012H    0001H      -----    -----      -----    -----
  +--> ?PR?INVALIDREQUESTANDSTALL?USBIF
  +--> ?PR?WAITTXEND?USBIF

?PR?USBVIDEOSTREAMING?USBIF                   0010H    0002H      -----    -----      -----    -----
  +--> ?PR?_CONSTRUCTSTRMCURSET?SETINTF
  +--> ?PR?_VSPROBECOMMITGET?USBIF

?PR?_CONSTRUCTSTRMCURSET?SETINTF              0012H    0009H      -----    -----      -----    -----
  +--> ?PR?_GETEXRESTABLE?SETINTF
  +--> ?PR?_CACULATEFRMRATEV2?SETINTF
  +--> ?PR?_GETFPSTABLEINDEX?SETINTF
  +--> ?CO?INTABLE

?PR?_GETEXRESTABLE?SETINTF                    -----    -----      00A6H    0002H      -----    -----
  +--> ?CO?INTABLE

?PR?_CACULATEFRMRATEV2?SETINTF                -----    -----      009CH    000AH      -----    -----
  +--> ?PR?_SETPTRTABEX?SETINTF
  +--> ?PR?_GETEXRESTABLE?SETINTF
  +--> ?PR?_GETTAB?SETINTF
  +--> ?CO?SETINTF

?PR?_VSPROBECOMMITGET?USBIF                   0012H    000EH      -----    -----      -----    -----
  +--> ?PR?_GETEXRESTABLE?SETINTF
  +--> ?PR?_CACULATEFRMRATEV2?SETINTF
BL51 BANKED LINKER/LOCATER V5.03                                                      07/22/2020  17:08:20  PAGE 18


  +--> ?PR?_SETPTRTABEX?SETINTF
  +--> ?PR?_GETFPSTABLEINDEX?SETINTF
  +--> ?CO?INTABLE
  +--> ?PR?_GETTAB?SETINTF
  +--> ?PR?WAITTXEND?USBIF

?PR?USBAUDIOCONTROL?AUDIOHANDLE               -----    -----      -----    -----      -----    -----
  +--> ?PR?_FUGETCTRL?AUDIOHANDLE
  +--> ?PR?FUSETCTRL?AUDIOHANDLE
  +--> ?PR?_SETPTRTABEX?SETINTF
  +--> ?PR?_GETTAB?SETINTF
  +--> ?PR?WAITTXEND?USBIF
  +--> ?PR?INVALIDCTRLANDSTALL?USBIF

?PR?_FUGETCTRL?AUDIOHANDLE                    0010H    0006H      -----    -----      -----    -----
  +--> ?PR?_SETPTRTABEX?SETINTF
  +--> ?PR?_GETTABW?SETINTF
  +--> ?PR?OUTOFRANGECTRLANDSTALL?USBIF
  +--> ?PR?INVALIDCTRLANDSTALL?USBIF
  +--> ?PR?WAITTXEND?USBIF

?PR?FUSETCTRL?AUDIOHANDLE                     0010H    0001H      -----    -----      -----    -----
  +--> ?PR?DMICMUTE?AUDIOHANDLE
  +--> ?PR?_SETPTRTABEX?SETINTF
  +--> ?PR?_GETTABW?SETINTF
  +--> ?PR?DMICVOLUME?AUDIOHANDLE
  +--> ?PR?INVALIDCTRLANDSTALL?USBIF

?PR?DMICVOLUME?AUDIOHANDLE                    0011H    0002H      -----    -----      -----    -----
  +--> ?PR?_DB2GAINCONVERT?AUDIOHANDLE

?PR?USBAUDIOSTREAMINGEP?AUDIOHANDLE           0010H    0004H      -----    -----      -----    -----
  +--> ?CO?AUDIOHANDLE
  +--> ?PR?WAITTXEND?USBIF
  +--> ?PR?ENABLEDMIC?AUDIOHANDLE
  +--> ?PR?INVALIDCTRLANDSTALL?USBIF

?PR?ENABLEDMIC?AUDIOHANDLE                    0014H    0003H      -----    -----      -----    -----
  +--> ?PR?_EX_CALLBACKFUNCTION?BASE
  +--> ?PR?_SETPTRTABEX?SETINTF
  +--> ?PR?_GETTAB?SETINTF
  +--> ?PR?_GETTABW?SETINTF
  +--> ?CO?AUDIOHANDLE

?PR?USBSTANDARDCMD?USBIF                      0010H    0005H      0080H    0001H      -----    -----
  +--> ?PR?USBIF
  +--> ?PR?_CONSTRUCTSTREAMRELATEDINFO?USBIF
  +--> ?PR?EXCALLBACKFUN_TOROM?BASE
  +--> ?PR?EXCALLBACKFUN_TORAM?BASE
  +--> ?PR?_SETPTRTABEX?SETINTF
  +--> ?PR?GETCONFIGLENGTH?SETINTF
  +--> ?PR?_EX_CALLBACKFUNCTION?BASE
  +--> ?PR?_GETTAB?SETINTF
  +--> ?PR?_SETPTRTABBYID?SETINTF
  +--> ?PR?_XMITEP0?USBIF
  +--> ?PR?WAITTXEND?USBIF
  +--> ?PR?COMPLETEPRPSAVEREQ?BASE
BL51 BANKED LINKER/LOCATER V5.03                                                      07/22/2020  17:08:20  PAGE 19


  +--> ?PR?USBALTBWSWITCH?USBIF
  +--> ?PR?DISABLEDMIC?AUDIOHANDLE

?PR?_CONSTRUCTSTREAMRELATEDINFO?USBIF         -----    -----      -----    -----      -----    -----
  +--> ?PR?CONSTRUCTSTREAMTABLE?SETINTF
  +--> ?PR?CONSTRUCTDEFSTREMSET?SETINTF
  +--> ?PR?LOADDEFAULTSETTING?SETINTF

?PR?CONSTRUCTSTREAMTABLE?SETINTF              0015H    0002H      -----    -----      -----    -----
  +--> ?PR?_SETPTRTABEX?SETINTF
  +--> ?PR?_GETTAB?SETINTF
  +--> ?PR?CONSTRUCTRESTABLE?SETINTF
  +--> ?PR?CONSTRCUTSTRMIDSEQUENCE?SETINTF

?PR?CONSTRUCTRESTABLE?SETINTF                 0017H    0002H      -----    -----      -----    -----
  +--> ?PR?_SETPTRTABEX?SETINTF
  +--> ?PR?_GETTAB?SETINTF

?PR?CONSTRCUTSTRMIDSEQUENCE?SETINTF           0017H    0004H      -----    -----      -----    -----

?PR?CONSTRUCTDEFSTREMSET?SETINTF              -----    -----      -----    -----      -----    -----
  +--> ?PR?_CACULATEFRMRATEV2?SETINTF

?PR?LOADDEFAULTSETTING?SETINTF                -----    -----      -----    -----      -----    -----
  +--> ?PR?_SETPTRTABEX?SETINTF
  +--> ?PR?_GETTAB?SETINTF

?PR?GETCONFIGLENGTH?SETINTF                   -----    -----      0090H    000AH      -----    -----
  +--> ?PR?_CACULATEFRMRATEV2?SETINTF

?PR?_XMITEP0?USBIF                            -----    -----      0081H    000DH      -----    -----
  +--> ?PR?_GETTABMAPBYTE?SETINTF
  +--> ?CO?INTABLE
  +--> ?PR?_AUTOGENDESC?SETINTF
  +--> ?PR?_AUDIODESCGEN?AUDIOHANDLE
  +--> ?PR?_EX_CALLBACKFUNCTION?BASE
  +--> ?PR?_SETPTRTABBYID?SETINTF
  +--> ?PR?_GETTABXDATA?SETINTF
  +--> ?PR?_GETTAB?SETINTF
  +--> ?PR?WAITTXEND?USBIF

?PR?_AUTOGENDESC?SETINTF                      0015H    0001H      -----    -----      -----    -----
  +--> ?PR?_CONSTRUCT_FRM_DESC?SETINTF
  +--> ?PR?CONSTRUCT_CONFDESC?SETINTF
  +--> ?PR?CONTRUCTCS_VS_INTFDESC?SETINTF
  +--> ?PR?CONSTRUCT_UC_FORMAT_DESC?SETINTF
  +--> ?PR?_CONSTRUCT_IMG_FRM_DESC?SETINTF
  +--> ?PR?CONSTRUCT_COLORMATCH_DESC?SETINTF
  +--> ?PR?CONSTRUCT_MJ_FORMAT_DESC?SETINTF

?PR?_CONSTRUCT_FRM_DESC?SETINTF               -----    -----      008EH    000EH      -----    -----
  +--> ?PR?_CACULATEFRMRATEV2?SETINTF
  +--> ?PR?_GETEXRESTABLE?SETINTF
  +--> ?PR?_DWORDBIG2LITTLE_F?UTIL
  +--> ?PR?_GETFPSTABLEINDEX?SETINTF
  +--> ?CO?INTABLE

BL51 BANKED LINKER/LOCATER V5.03                                                      07/22/2020  17:08:20  PAGE 20


?PR?_DWORDBIG2LITTLE_F?UTIL                   0016H    0006H      -----    -----      -----    -----

?PR?CONSTRUCT_CONFDESC?SETINTF                -----    -----      008EH    0002H      -----    -----
  +--> ?PR?GETCONFIGLENGTH?SETINTF
  +--> ?CO?SETINTF

?PR?CONTRUCTCS_VS_INTFDESC?SETINTF            0016H    0004H      -----    -----      -----    -----
  +--> ?CO?SETINTF

?PR?CONSTRUCT_UC_FORMAT_DESC?SETINTF          -----    -----      -----    -----      -----    -----
  +--> ?CO?SETINTF

?PR?_CONSTRUCT_IMG_FRM_DESC?SETINTF           0016H    0005H      008EH    0002H      -----    -----
  +--> ?PR?_GETEXRESTABLE?SETINTF

?PR?_AUDIODESCGEN?AUDIOHANDLE                 0015H    0004H      -----    -----      -----    -----
  +--> ?CO?AUDIOHANDLE

?PR?COMPLETEPRPSAVEREQ?BASE                   -----    -----      -----    -----      -----    -----
  +--> ?PR?DISABLETIMER2?BASE
  +--> ?PR?WAITPARTIALFWLOAD?BASE
  +--> ?PR?PRPSAVEEEPROM?BASE

?PR?PRPSAVEEEPROM?BASE                        -----    -----      0081H    0008H      -----    -----
  +--> ?PR?CHECKERRASETAG?BASE
  +--> ?PR?_I2CEEPROMREADDATA?BASE
  +--> ?PR?SPIWRITEENABLE?BASE
  +--> ?PR?_I2CEEPROMWRITEDATA?BASE
  +--> ?PR?_READBACKCHECK?BASE
  +--> ?PR?ERASEBLOCKSPIFLASH?BASE
  +--> ?PR?_DELAY10US?UTIL
  +--> ?PR?_DELAY1MS?UTIL

?PR?_READBACKCHECK?BASE                       -----    -----      -----    -----      -----    -----
  +--> ?PR?_I2CEEPROMREADDATA?BASE

?PR?USBALTBWSWITCH?USBIF                      0015H    0003H      -----    -----      -----    -----
  +--> ?PR?_SETPTRTABEX?SETINTF
  +--> ?PR?_GETTAB?SETINTF

?PR?USBVENDORCMD?USBIF                        0010H    0003H      -----    -----      -----    -----
  +--> ?PR?WAITTXEND?USBIF

?PR?STATEFUNCTION?DISPATCHER                  -----    -----      -----    -----      -----    -----
  +--> ?PR?COMPLETEPRPSAVEREQ?BASE
  +--> ?PR?_REPLACEFW?BASE
  +--> ?PR?ERRHANDLESEGFW?BASE
  +--> ?PR?ISMEMREPLACEDEND?BASE
  +--> ?PR?_SELECSTREAMDIMENSION?DISPATCHER
  +--> ?PR?_SELECSTREAMFORMAT?DISPATCHER

?PR?_SELECSTREAMDIMENSION?DISPATCHER          0010H    0004H      0080H    0004H      -----    -----

?PR?PRIVACYCTRLTRIGGER?DISPATCHER             -----    -----      -----    -----      -----    -----
  +--> ?PR?PRIVACYCTRLINTERRUPT?CAMTERMCTRL


BL51 BANKED LINKER/LOCATER V5.03                                                      07/22/2020  17:08:20  PAGE 21



SYMBOL TABLE OF MODULE:  .\output\EDWIN-TX (?C_STARTUP)

  VALUE           TYPE          NAME
  ----------------------------------

  -------         MODULE        ?C_STARTUP
  C:7C3FH         SEGMENT       ?C_C51STARTUP
  I:00CFH         SEGMENT       ?STACK
  C:0000H         PUBLIC        ?C_STARTUP
  D:00E0H         SYMBOL        ACC
  D:00F0H         SYMBOL        B
  D:0083H         SYMBOL        DPH
  D:0082H         SYMBOL        DPL
  N:0000H         SYMBOL        IBPSTACK
  N:0100H         SYMBOL        IBPSTACKTOP
  N:0080H         SYMBOL        IDATALEN
  C:7C42H         SYMBOL        IDATALOOP
  N:0000H         SYMBOL        PBPSTACK
  N:0000H         SYMBOL        PBPSTACKTOP
  N:0000H         SYMBOL        PDATALEN
  N:0000H         SYMBOL        PDATASTART
  N:0000H         SYMBOL        PPAGE
  N:0000H         SYMBOL        PPAGEENABLE
  D:00A0H         SYMBOL        PPAGE_SFR
  D:0081H         SYMBOL        SP
  C:7C3FH         SYMBOL        STARTUP1
  N:0000H         SYMBOL        XBPSTACK
  N:0000H         SYMBOL        XBPSTACKTOP
  N:0000H         SYMBOL        XDATALEN
  N:0000H         SYMBOL        XDATASTART
  C:0000H         LINE#         92
  C:7C3FH         LINE#         99
  C:7C41H         LINE#         100
  C:7C42H         LINE#         101
  C:7C43H         LINE#         102
  C:7C45H         LINE#         151
  C:7C48H         LINE#         155
  -------         ENDMOD        ?C_STARTUP

  -------         MODULE        XSENSOR
  C:0000H         SYMBOL        _ICE_DUMMY_
  C:8000H         PUBLIC        cpfExternalInit
  -------         ENDMOD        XSENSOR

  -------         MODULE        BASE
  C:0000H         SYMBOL        _ICE_DUMMY_
  D:0090H         PUBLIC        P1
  C:79B1H         PUBLIC        EanbleTimer2
  D:00B0H         PUBLIC        P3
  C:6CE2H         PUBLIC        CheckSPIRdyStatus
  C:6EA7H         PUBLIC        WaitPartialFWLoad
  D:00A8H         PUBLIC        IE
  C:75AEH         PUBLIC        CheckProtection
  C:256BH         PUBLIC        PrpSaveEEPROM
  C:5970H         PUBLIC        SPIRDID
  C:5795H         SYMBOL        I2CAccess
BL51 BANKED LINKER/LOCATER V5.03                                                      07/22/2020  17:08:20  PAGE 22


  C:12A9H         PUBLIC        FWLoadOTP
  C:7C9EH         PUBLIC        Int0Disable
  C:7CA2H         PUBLIC        Int1Disable
  D:00B8H         PUBLIC        IP
  C:7AA8H         PUBLIC        _SensorI2CReadData
  C:46C2H         PUBLIC        PrpLoadFromEEPROM
  C:654FH         PUBLIC        CheckEEPROMI2CDevID
  C:6964H         PUBLIC        _EX_CallBackFunction
  I:00ADH         SYMBOL        bI2CRead
  D:00CBH         PUBLIC        RCAP2H
  C:7992H         PUBLIC        Timer2ISR
  D:00CAH         PUBLIC        RCAP2L
  C:7C4BH         PUBLIC        Int0Enable
  I:00AEH         SYMBOL        bI2CMode
  C:7B1EH         PUBLIC        _SensorI2CWriteData
  C:78EFH         PUBLIC        _OTPROMAddrUpdate
  C:7C92H         PUBLIC        Int1Enable
  D:0067H         SYMBOL        I2CpData
  I:00AFH         SYMBOL        bI2CID
  C:7A44H         PUBLIC        CompletePrpSaveReq
  C:76F3H         PUBLIC        _SPIWriteCMD
  C:7B07H         PUBLIC        _ReadBackCheck
  D:006AH         SYMBOL        I2CwAddr
  D:0098H         PUBLIC        SCON
  C:6A38H         PUBLIC        FWInit
  C:000EH         PUBLIC        SPIWriteDisable
  D:0088H         PUBLIC        TCON
  C:717FH         PUBLIC        HWInit
  C:7620H         PUBLIC        _CheckErraseTag_Cal
  C:63BFH         PUBLIC        _LoadToUpgradedRAM
  C:7952H         PUBLIC        OTPWriteDisable
  C:2829H         PUBLIC        FWLoadXFirmware
  C:0016H         PUBLIC        SST_EnableWriteStatus
  C:43F9H         PUBLIC        _ReplaceFW
  C:71CAH         PUBLIC        EraseBlockSPIFlash
  C:0006H         PUBLIC        SPIWriteEnable
  C:6909H         PUBLIC        _LoadOTP_CRC8
  C:7B60H         PUBLIC        Int0ISR
  B:00C8H.7       PUBLIC        TF2
  C:78CCH         PUBLIC        Int1ISR
  B:0088H.0       PUBLIC        IT0
  B:0088H.2       PUBLIC        IT1
  D:00CDH         PUBLIC        TH2
  C:782EH         PUBLIC        OTPWriteEnable
  C:643FH         PUBLIC        _OTPReadData
  C:61FDH         PUBLIC        CheckOTPIndex
  D:00CCH         PUBLIC        TL2
  C:743DH         PUBLIC        EraseSPIFlash
  D:006CH         SYMBOL        I2CTemp
  D:006DH         SYMBOL        I2CRetry
  B:00C8H.2       PUBLIC        TR2
  C:4A9FH         PUBLIC        DeviceReset
  D:006EH         SYMBOL        I2CLen
  C:7260H         PUBLIC        _OTPWriteData
  C:7535H         PUBLIC        MainFP2Dummy
  C:7BC1H         PUBLIC        ExCallBackFun_ToRAM
  C:7BF6H         PUBLIC        RemovePrpSaveReq
BL51 BANKED LINKER/LOCATER V5.03                                                      07/22/2020  17:08:20  PAGE 23


  C:79D0H         PUBLIC        EnableConnection
  C:768BH         PUBLIC        _SPIWriteStatus
  C:79EEH         PUBLIC        CheckErraseTag
  C:7215H         PUBLIC        _I2CEEPROMReadData
  D:00C8H         PUBLIC        T2CON
  I:00B0H         SYMBOL        bEEPROMI2C
  C:7CB3H         PUBLIC        OTPModeLeave
  C:53BDH         PUBLIC        _I2CEEPROMDirRAM
  C:7AF0H         PUBLIC        _OTP_ROMEnable
  C:7C83H         SYMBOL        DisableTimer2
  C:7B4BH         PUBLIC        ExCallBackFun_ToROM
  C:7A16H         PUBLIC        SPI_Cmd_Set
  C:3F5FH         PUBLIC        _I2CEEPROMWriteData
  C:7784H         PUBLIC        QueuePrpSaveReq
  C:7972H         PUBLIC        ErrHandleSEGFW
  D:00D0H         PUBLIC        PSW
  C:54B2H         PUBLIC        isMEMReplacedEnd
  C:7C8CH         PUBLIC        OTPModeEnter
  -------         PROC          DEVICERESET
  C:4A9FH         LINE#         38
  C:4A9FH         LINE#         39
  C:4A9FH         LINE#         40
  C:4AA4H         LINE#         42
  C:4AA7H         LINE#         43
  C:4AADH         LINE#         44
  C:4AADH         LINE#         45
  C:4AAFH         LINE#         46
  C:4AB5H         LINE#         47
  C:4AB8H         LINE#         48
  C:4AB8H         LINE#         49
  C:4AB8H         LINE#         52
  C:4ABBH         LINE#         53
  C:4AC9H         LINE#         54
  C:4AD0H         LINE#         55
  C:4AD3H         LINE#         56
  C:4AD7H         LINE#         57
  C:4AD9H         LINE#         58
  C:4ADBH         LINE#         59
  C:4AE0H         LINE#         60
  C:4AE9H         LINE#         61
  C:4AEBH         LINE#         62
  C:4AEDH         LINE#         63
  C:4AEFH         LINE#         64
  C:4AF1H         LINE#         65
  C:4AF3H         LINE#         66
  C:4AF3H         LINE#         68
  C:4AF8H         LINE#         69
  C:4B01H         LINE#         70
  C:4B03H         LINE#         71
  C:4B05H         LINE#         72
  C:4B07H         LINE#         73
  C:4B09H         LINE#         74
  C:4B0BH         LINE#         75
  C:4B0BH         LINE#         76
  C:4B0DH         LINE#         77
  C:4B0FH         LINE#         79
  C:4B12H         LINE#         80
BL51 BANKED LINKER/LOCATER V5.03                                                      07/22/2020  17:08:20  PAGE 24


  C:4B14H         LINE#         81
  C:4B16H         LINE#         82
  C:4B18H         LINE#         83
  C:4B1AH         LINE#         84
  C:4B1CH         LINE#         85
  C:4B28H         LINE#         86
  C:4B2CH         LINE#         87
  C:4B30H         LINE#         88
  C:4B34H         LINE#         89
  C:4B38H         LINE#         90
  C:4B3CH         LINE#         91
  C:4B40H         LINE#         93
  C:4B42H         LINE#         95
  C:4B44H         LINE#         96
  C:4B48H         LINE#         97
  C:4B4CH         LINE#         98
  C:4B4EH         LINE#         99
  C:4B50H         LINE#         101
  C:4B52H         LINE#         102
  C:4B58H         LINE#         105
  C:4B5DH         LINE#         107
  C:4B61H         LINE#         108
  C:4B63H         LINE#         113
  C:4B6BH         LINE#         117
  C:4B73H         LINE#         120
  C:4B79H         LINE#         122
  C:4B7EH         LINE#         123
  C:4B80H         LINE#         124
  C:4B82H         LINE#         125
  C:4B84H         LINE#         127
  C:4B86H         LINE#         128
  C:4B88H         LINE#         137
  C:4B8AH         LINE#         138
  C:4B8CH         LINE#         139
  C:4B8EH         LINE#         140
  C:4B90H         LINE#         142
  C:4B96H         LINE#         148
  C:4B9EH         LINE#         152
  C:4BA3H         LINE#         153
  C:4BAFH         LINE#         154
  C:4BBBH         LINE#         156
  C:4BCAH         LINE#         157
  C:4BD9H         LINE#         158
  -------         ENDPROC       DEVICERESET
  -------         PROC          FWINIT
  -------         DO            
  D:0006H         SYMBOL        i
  -------         ENDDO         
  C:6A38H         LINE#         160
  C:6A38H         LINE#         161
  C:6A38H         LINE#         164
  C:6A3CH         LINE#         165
  C:6A42H         LINE#         166
  C:6A4DH         LINE#         167
  C:6A50H         LINE#         168
  C:6A52H         LINE#         169
  C:6A56H         LINE#         170
BL51 BANKED LINKER/LOCATER V5.03                                                      07/22/2020  17:08:20  PAGE 25


  C:6A5CH         LINE#         171
  C:6A5EH         LINE#         174
  C:6A60H         LINE#         178
  C:6A64H         LINE#         180
  C:6A67H         LINE#         181
  C:6A6EH         LINE#         184
  C:6A72H         LINE#         185
  C:6A76H         LINE#         189
  C:6A7AH         LINE#         194
  C:6A7CH         LINE#         195
  C:6A81H         LINE#         196
  C:6A83H         LINE#         197
  C:6A85H         LINE#         198
  C:6A8AH         LINE#         199
  C:6A8DH         LINE#         202
  C:6A93H         LINE#         203
  C:6A97H         LINE#         204
  C:6A9BH         LINE#         211
  C:6A9DH         LINE#         212
  C:6A9FH         LINE#         215
  -------         ENDPROC       FWINIT
  -------         PROC          FWLOADXFIRMWARE
  -------         DO            
  C:7A0CH         SYMBOL        DETECT_CAST
  D:0010H         SYMBOL        DetectCase
  C:282EH         SYMBOL        FWLoadROMSTART
  -------         ENDDO         
  C:2829H         LINE#         278
  C:2829H         LINE#         279
  C:2829H         LINE#         289
  C:282CH         LINE#         290
  C:282EH         LINE#         292
  C:282EH         LINE#         293
  C:2841H         LINE#         294
  C:2854H         LINE#         295
  C:2859H         LINE#         296
  C:285BH         LINE#         297
  C:2862H         LINE#         298
  C:2865H         LINE#         299
  C:2865H         LINE#         300
  C:2868H         LINE#         301
  C:2868H         LINE#         302
  C:286AH         LINE#         303
  C:286CH         LINE#         304
  C:286CH         LINE#         307
  C:2872H         LINE#         308
  C:2874H         LINE#         309
  C:2876H         LINE#         310
  C:2876H         LINE#         312
  C:2885H         LINE#         315
  C:2897H         LINE#         316
  C:2897H         LINE#         317
  C:2897H         LINE#         318
  C:289DH         LINE#         321
  C:28A3H         LINE#         322
  C:28A6H         LINE#         323
  C:28ABH         LINE#         326
BL51 BANKED LINKER/LOCATER V5.03                                                      07/22/2020  17:08:20  PAGE 26


  C:28BFH         LINE#         327
  C:28BFH         LINE#         328
  C:28BFH         LINE#         331
  C:28D3H         LINE#         332
  C:28DBH         LINE#         333
  C:28E5H         LINE#         334
  C:28F7H         LINE#         335
  C:28FAH         LINE#         336
  C:28FAH         LINE#         337
  C:2900H         LINE#         339
  C:291BH         LINE#         340
  C:291BH         LINE#         341
  C:291BH         LINE#         342
  C:291BH         LINE#         344
  C:2920H         LINE#         345
  C:2920H         LINE#         346
  C:292BH         LINE#         347
  C:292BH         LINE#         353
  C:292BH         LINE#         354
  C:292BH         LINE#         355
  C:292BH         LINE#         357
  C:292BH         LINE#         359
  C:292BH         LINE#         360
  C:292BH         LINE#         364
  C:2934H         LINE#         365
  C:2943H         LINE#         366
  C:2952H         LINE#         367
  C:2961H         LINE#         368
  C:2970H         LINE#         369
  C:297FH         LINE#         370
  C:298EH         LINE#         371
  C:299DH         LINE#         373
  C:29A9H         LINE#         374
  C:29B0H         LINE#         377
  C:29C0H         LINE#         379
  C:29CAH         LINE#         380
  C:29D4H         LINE#         383
  C:29EFH         LINE#         385
  C:29F9H         LINE#         388
  C:2A07H         LINE#         392
  C:2A19H         LINE#         393
  C:2A20H         LINE#         395
  C:2A26H         LINE#         396
  C:2A30H         LINE#         397
  C:2A39H         LINE#         398
  C:2A43H         LINE#         399
  C:2A43H         LINE#         401
  C:2A4AH         LINE#         402
  C:2A4CH         LINE#         403
  C:2A4EH         LINE#         404
  C:2A50H         LINE#         405
  C:2A50H         LINE#         406
  C:2A57H         LINE#         407
  C:2A59H         LINE#         408
  C:2A5BH         LINE#         409
  C:2A5DH         LINE#         410
  C:2A5DH         LINE#         412
BL51 BANKED LINKER/LOCATER V5.03                                                      07/22/2020  17:08:20  PAGE 27


  C:2A62H         LINE#         414
  C:2A69H         LINE#         416
  C:2A6FH         LINE#         417
  C:2A78H         LINE#         419
  C:2A7EH         LINE#         420
  C:2A7EH         LINE#         432
  C:2A81H         LINE#         433
  C:2A95H         LINE#         437
  C:2A95H         LINE#         438
  C:2A95H         LINE#         439
  C:2A95H         LINE#         440
  C:2A95H         LINE#         442
  C:2A98H         LINE#         443
  C:2A9BH         LINE#         444
  C:2A9BH         LINE#         446
  C:2AAFH         LINE#         449
  C:2AB1H         LINE#         455
  C:2AB1H         LINE#         457
  C:2ABDH         LINE#         461
  C:2ABDH         LINE#         462
  C:2ABDH         LINE#         463
  C:2ABDH         LINE#         464
  C:2ABDH         LINE#         467
  C:2AD1H         LINE#         469
  C:2AD3H         LINE#         470
  -------         ENDPROC       FWLOADXFIRMWARE
  -------         PROC          _OTP_ROMENABLE
  D:0007H         SYMBOL        bEnable
  C:7AF0H         LINE#         475
  C:7AF0H         LINE#         476
  C:7AF0H         LINE#         477
  C:7AF7H         LINE#         478
  C:7AF7H         LINE#         479
  C:7AFAH         LINE#         480
  C:7AFEH         LINE#         481
  C:7AFFH         LINE#         482
  C:7AFFH         LINE#         483
  C:7B02H         LINE#         484
  C:7B06H         LINE#         485
  C:7B06H         LINE#         487
  -------         ENDPROC       _OTP_ROMENABLE
  -------         PROC          _OTPROMADDRUPDATE
  D:0006H         SYMBOL        wAddr
  -------         DO            
  X:0A35H         SYMBOL        Addr
  -------         ENDDO         
  C:78EFH         LINE#         489
  C:78EFH         LINE#         490
  C:78EFH         LINE#         492
  C:78F7H         LINE#         493
  C:78FCH         LINE#         495
  C:7904H         LINE#         496
  C:790CH         LINE#         497
  -------         ENDPROC       _OTPROMADDRUPDATE
  -------         PROC          L?0453
  -------         ENDPROC       L?0453
  -------         PROC          _LOADOTP_CRC8
BL51 BANKED LINKER/LOCATER V5.03                                                      07/22/2020  17:08:20  PAGE 28


  D:0006H         SYMBOL        AddrStart
  D:0004H         SYMBOL        Len
  D:0016H         SYMBOL        pbData
  D:0019H         SYMBOL        xCRC_MIN1
  -------         DO            
  X:0A37H         SYMBOL        Addr
  X:0A39H         SYMBOL        length
  -------         ENDDO         
  C:6909H         LINE#         500
  C:690FH         LINE#         501
  C:690FH         LINE#         504
  C:6917H         LINE#         505
  C:691DH         LINE#         508
  C:6922H         LINE#         509
  C:692AH         LINE#         511
  C:6932H         LINE#         512
  C:6937H         LINE#         514
  C:693AH         LINE#         516
  C:6957H         LINE#         518
  C:695EH         LINE#         521
  C:6963H         LINE#         522
  -------         ENDPROC       _LOADOTP_CRC8
  -------         PROC          CHECKOTPINDEX
  -------         DO            
  D:0010H         SYMBOL        i
  -------         ENDDO         
  C:61FDH         LINE#         524
  C:61FDH         LINE#         525
  C:61FDH         LINE#         528
  C:6202H         LINE#         529
  C:6202H         LINE#         530
  C:6213H         LINE#         531
  C:6213H         LINE#         532
  C:6213H         LINE#         533
  C:6213H         LINE#         534
  C:6221H         LINE#         535
  C:6228H         LINE#         537
  C:622AH         LINE#         538
  C:622AH         LINE#         539
  C:6231H         LINE#         540
  C:6234H         LINE#         542
  C:6237H         LINE#         543
  C:6237H         LINE#         546
  C:6257H         LINE#         548
  C:6257H         LINE#         554
  C:625AH         LINE#         555
  C:625AH         LINE#         558
  C:626FH         LINE#         559
  C:628AH         LINE#         561
  C:628AH         LINE#         566
  C:628DH         LINE#         567
  C:628DH         LINE#         576
  C:628FH         LINE#         577
  -------         ENDPROC       CHECKOTPINDEX
  -------         PROC          FWLOADOTP
  -------         DO            
  X:0A2BH         SYMBOL        crc
BL51 BANKED LINKER/LOCATER V5.03                                                      07/22/2020  17:08:20  PAGE 29


  X:0A2CH         SYMBOL        tmp1
  X:0A2EH         SYMBOL        tmp2
  X:0A30H         SYMBOL        length
  X:0A32H         SYMBOL        length2
  X:0A34H         SYMBOL        OTPCodeExit
  C:1347H         SYMBOL        OTPCodeIndexSet
  -------         ENDDO         
  C:12A9H         LINE#         579
  C:12A9H         LINE#         580
  C:12A9H         LINE#         581
  C:12AEH         LINE#         582
  C:12B6H         LINE#         584
  C:12BBH         LINE#         587
  C:12C1H         LINE#         590
  C:12C8H         LINE#         591
  C:12CEH         LINE#         592
  C:12CEH         LINE#         593
  C:12D7H         LINE#         594
  C:12E6H         LINE#         596
  C:12F5H         LINE#         597
  C:12F5H         LINE#         603
  C:12FEH         LINE#         604
  C:1301H         LINE#         606
  C:131BH         LINE#         607
  C:1338H         LINE#         609
  C:1338H         LINE#         610
  C:1338H         LINE#         611
  C:133AH         LINE#         612
  C:133AH         LINE#         613
  C:133AH         LINE#         614
  C:133AH         LINE#         615
  C:133BH         LINE#         616
  C:133DH         LINE#         617
  C:133DH         LINE#         618
  C:133DH         LINE#         620
  C:1343H         LINE#         621
  C:1343H         LINE#         626
  C:1347H         LINE#         627
  C:1347H         LINE#         628
  C:1347H         LINE#         636
  C:1347H         LINE#         639
  C:1363H         LINE#         642
  C:1369H         LINE#         643
  C:1369H         LINE#         645
  C:1384H         LINE#         647
  C:138EH         LINE#         648
  C:138EH         LINE#         649
  C:13ADH         LINE#         650
  C:13C5H         LINE#         651
  C:13E2H         LINE#         652
  C:13FAH         LINE#         653
  C:1417H         LINE#         654
  C:142FH         LINE#         655
  C:1447H         LINE#         658
  C:144EH         LINE#         659
[...]
  C:6BFCH         LINE#         655
  C:6C05H         LINE#         656
  C:6C05H         LINE#         657
  C:6C09H         LINE#         658
  C:6C10H         LINE#         659
  C:6C10H         LINE#         663
  C:6C16H         LINE#         665
  C:6C1DH         LINE#         666
  C:6C24H         LINE#         667
  C:6C24H         LINE#         668
  -------         ENDPROC       DISABLEDMIC
BL51 BANKED LINKER/LOCATER V5.03                                                      07/22/2020  17:08:20  PAGE 146


  -------         PROC          _AUDIODESCGEN
  D:0007H         SYMBOL        Stage
  -------         DO            
  D:0015H         SYMBOL        bformatLevel
  D:0016H         SYMBOL        i
  D:0017H         SYMBOL        wCalcul
  I:00B3H         SYMBOL        bStage
  -------         ENDDO         
  C:2F83H         LINE#         676
  C:2F83H         LINE#         677
  C:2F83H         LINE#         683
  C:2F87H         LINE#         685
  C:2F8FH         LINE#         686
  C:2FAFH         LINE#         687
  C:2FAFH         LINE#         688
  C:2FAFH         LINE#         689
  C:2FC2H         LINE#         690
  C:2FCDH         LINE#         691
  C:2FCEH         LINE#         692
  C:2FCEH         LINE#         693
  C:2FDAH         LINE#         694
  C:2FDDH         LINE#         695
  C:2FDDH         LINE#         696
  C:2FDDH         LINE#         697
  C:2FF0H         LINE#         699
  C:2FF6H         LINE#         700
  C:2FF6H         LINE#         701
  C:300FH         LINE#         703
  C:301DH         LINE#         704
  C:3024H         LINE#         705
  C:302AH         LINE#         706
  C:3034H         LINE#         708
  C:303EH         LINE#         710
  C:3041H         LINE#         711
  C:3044H         LINE#         712
  C:3044H         LINE#         713
  C:3057H         LINE#         714
  C:3057H         LINE#         715
  C:306DH         LINE#         716
  C:307EH         LINE#         717
  C:308FH         LINE#         718
  C:309FH         LINE#         719
  C:309FH         LINE#         720
  C:30A7H         LINE#         721
  C:30A7H         LINE#         723
  C:30A7H         LINE#         724
  C:30ADH         LINE#         726
  C:30B3H         LINE#         727
  C:30B8H         LINE#         728
  C:30C4H         LINE#         729
  C:30CAH         LINE#         730
  C:30CEH         LINE#         731
  C:30D1H         LINE#         732
  C:30DCH         LINE#         733
  C:30E2H         LINE#         734
  C:30E6H         LINE#         735
  C:30E9H         LINE#         736
BL51 BANKED LINKER/LOCATER V5.03                                                      07/22/2020  17:08:20  PAGE 147


  C:30E9H         LINE#         737
  C:30E9H         LINE#         738
  C:30EAH         LINE#         739
  C:30EAH         LINE#         740
  C:30FDH         LINE#         742
  C:3103H         LINE#         743
  C:3103H         LINE#         744
  C:311CH         LINE#         746
  C:313AH         LINE#         748
  C:313DH         LINE#         749
  C:3150H         LINE#         750
  C:3150H         LINE#         751
  C:317DH         LINE#         752
  C:3183H         LINE#         753
  C:3187H         LINE#         754
  C:3188H         LINE#         755
  C:3188H         LINE#         756
  C:3190H         LINE#         757
  C:3190H         LINE#         760
  C:3196H         LINE#         761
  C:3199H         LINE#         762
  C:319CH         LINE#         763
  C:319CH         LINE#         764
  C:319DH         LINE#         765
  C:319DH         LINE#         766
  C:31B0H         LINE#         767
  C:31B0H         LINE#         768
  C:31B0H         LINE#         770
  C:31B0H         LINE#         771
  C:31B0H         LINE#         773
  -------         ENDPROC       _AUDIODESCGEN
  -------         PROC          USBAUDIOCONTROL
  C:6FA6H         LINE#         776
  C:6FA6H         LINE#         777
  C:6FA6H         LINE#         778
  C:6FAFH         LINE#         779
  C:6FAFH         LINE#         780
  C:6FAFH         LINE#         781
  C:6FB4H         LINE#         782
  C:6FB9H         LINE#         784
  C:6FBCH         LINE#         785
  C:6FBCH         LINE#         786
  C:6FBCH         LINE#         787
  C:6FC2H         LINE#         788
  C:6FC2H         LINE#         789
  C:6FC7H         LINE#         791
  C:6FD1H         LINE#         792
  C:6FE5H         LINE#         793
  C:6FE9H         LINE#         794
  C:6FECH         LINE#         795
  C:6FF2H         LINE#         796
  C:6FF5H         LINE#         797
  C:6FF5H         LINE#         798
  C:6FF5H         LINE#         805
  C:6FF5H         LINE#         808
  C:6FF5H         LINE#         809
  C:6FF8H         LINE#         810
BL51 BANKED LINKER/LOCATER V5.03                                                      07/22/2020  17:08:20  PAGE 148


  C:6FF8H         LINE#         811
  C:6FF8H         LINE#         812
  -------         ENDPROC       USBAUDIOCONTROL
  -------         PROC          _FUGETCTRL
  D:0010H         SYMBOL        isDMIC
  -------         DO            
  D:0011H         SYMBOL        bLen
  D:0012H         SYMBOL        wTmpL
  D:0014H         SYMBOL        wTmpR
  -------         ENDDO         
  C:4E50H         LINE#         814
  C:4E52H         LINE#         815
  C:4E52H         LINE#         816
  C:4E55H         LINE#         819
  C:4E69H         LINE#         820
  C:4E69H         LINE#         821
  C:4E69H         LINE#         822
  C:4E70H         LINE#         823
  C:4E85H         LINE#         825
  C:4E8AH         LINE#         826
  C:4E9FH         LINE#         828
  C:4EA3H         LINE#         829
  C:4EA6H         LINE#         831
  C:4EA6H         LINE#         833
  C:4EA6H         LINE#         834
  C:4EA9H         LINE#         835
  C:4EA9H         LINE#         836
  C:4EA9H         LINE#         838
  C:4EAEH         LINE#         840
  C:4EBEH         LINE#         841
  C:4EBEH         LINE#         842
  C:4EBEH         LINE#         843
  C:4EC8H         LINE#         844
  C:4ED0H         LINE#         845
  C:4ED2H         LINE#         846
  C:4ED2H         LINE#         847
  C:4ED5H         LINE#         848
  C:4ED5H         LINE#         849
  C:4ED7H         LINE#         850
  C:4ED7H         LINE#         851
  C:4EDBH         LINE#         852
  C:4EDBH         LINE#         853
  C:4EDDH         LINE#         854
  C:4EDDH         LINE#         855
  C:4EE8H         LINE#         856
  C:4EEEH         LINE#         857
  C:4EEEH         LINE#         858
  C:4EEEH         LINE#         860
  C:4EF5H         LINE#         861
  C:4F06H         LINE#         862
  C:4F17H         LINE#         863
  C:4F17H         LINE#         864
  C:4F1CH         LINE#         865
  C:4F2DH         LINE#         866
  C:4F3EH         LINE#         867
  C:4F3EH         LINE#         868
  C:4F42H         LINE#         869
BL51 BANKED LINKER/LOCATER V5.03                                                      07/22/2020  17:08:20  PAGE 149


  C:4F44H         LINE#         871
  C:4F44H         LINE#         872
  C:4F4AH         LINE#         874
  C:4F4AH         LINE#         875
  C:4F4CH         LINE#         876
  C:4F4CH         LINE#         877
  C:4F4CH         LINE#         878
  C:4F4CH         LINE#         879
  C:4F4CH         LINE#         880
  C:4F4CH         LINE#         881
  C:4F4CH         LINE#         882
  C:4F4CH         LINE#         883
  C:4F4CH         LINE#         884
  C:4F54H         LINE#         885
  C:4F54H         LINE#         886
  C:4F5CH         LINE#         887
  C:4F62H         LINE#         888
  C:4F64H         LINE#         889
  C:4F64H         LINE#         890
  C:4F67H         LINE#         892
  C:4F67H         LINE#         893
  C:4F67H         LINE#         894
  C:4F67H         LINE#         895
  C:4F67H         LINE#         896
  C:4F67H         LINE#         897
  C:4F6AH         LINE#         899
  C:4F6AH         LINE#         900
  C:4F6AH         LINE#         901
  C:4F6FH         LINE#         902
  C:4F72H         LINE#         903
  -------         ENDPROC       _FUGETCTRL
  -------         PROC          FUSETCTRL
  -------         DO            
  D:0010H         SYMBOL        blen
  -------         ENDDO         
  C:3BDAH         LINE#         905
  C:3BDAH         LINE#         906
  C:3BDAH         LINE#         910
  C:3BE1H         LINE#         911
  C:3BE9H         LINE#         912
  C:3BFBH         LINE#         913
  C:3C02H         LINE#         917
  C:3C05H         LINE#         918
  C:3C19H         LINE#         919
  C:3C19H         LINE#         920
  C:3C19H         LINE#         921
  C:3C19H         LINE#         922
  C:3C20H         LINE#         923
  C:3C28H         LINE#         924
  C:3C30H         LINE#         925
  C:3C30H         LINE#         927
  C:3C37H         LINE#         928
  C:3C4AH         LINE#         929
  C:3C4AH         LINE#         932
  C:3C4DH         LINE#         933
  C:3C4DH         LINE#         934
  C:3C50H         LINE#         935
BL51 BANKED LINKER/LOCATER V5.03                                                      07/22/2020  17:08:20  PAGE 150


  C:3C50H         LINE#         936
  C:3C50H         LINE#         939
  C:3C55H         LINE#         941
  C:3C5DH         LINE#         942
  C:3C5DH         LINE#         943
  C:3C5DH         LINE#         944
  C:3C5DH         LINE#         945
  C:3C67H         LINE#         946
  C:3C7FH         LINE#         947
  C:3C89H         LINE#         949
  C:3CA6H         LINE#         952
  C:3CBFH         LINE#         953
  C:3CCDH         LINE#         954
  C:3CE7H         LINE#         955
  C:3CF6H         LINE#         957
  C:3CF6H         LINE#         959
  C:3D00H         LINE#         960
  C:3D00H         LINE#         961
  C:3D28H         LINE#         964
  C:3D44H         LINE#         967
  C:3D5DH         LINE#         968
  C:3D6BH         LINE#         969
  C:3D85H         LINE#         970
  C:3D94H         LINE#         971
  C:3D94H         LINE#         974
  C:3D97H         LINE#         975
  C:3D97H         LINE#         976
  C:3D99H         LINE#         977
  C:3D99H         LINE#         978
  C:3D99H         LINE#         979
  C:3D99H         LINE#         980
  C:3D99H         LINE#         981
  C:3D99H         LINE#         983
  C:3D99H         LINE#         984
  C:3D99H         LINE#         985
  C:3D99H         LINE#         986
  C:3D99H         LINE#         987
  C:3D99H         LINE#         988
  C:3D99H         LINE#         989
  C:3D99H         LINE#         990
  C:3D99H         LINE#         991
  C:3D99H         LINE#         992
  C:3D99H         LINE#         996
  C:3D99H         LINE#         997
  C:3D99H         LINE#         998
  C:3D99H         LINE#         999
  C:3D99H         LINE#         1000
  C:3D9CH         LINE#         1002
  C:3D9CH         LINE#         1003
  C:3D9CH         LINE#         1004
  C:3DA1H         LINE#         1005
  C:3DA7H         LINE#         1007
  -------         ENDPROC       FUSETCTRL
  -------         PROC          USBAUDIOSTREAMINGEP
  -------         DO            
  D:0010H         SYMBOL        bRecBytesCnt
  D:0011H         SYMBOL        i
BL51 BANKED LINKER/LOCATER V5.03                                                      07/22/2020  17:08:20  PAGE 151


  D:0012H         SYMBOL        SampFreqTmp
  -------         ENDDO         
  C:4569H         LINE#         1010
  C:4569H         LINE#         1011
  C:4569H         LINE#         1019
  C:4571H         LINE#         1020
  C:4571H         LINE#         1022
  C:4587H         LINE#         1023
  C:4587H         LINE#         1024
  C:4587H         LINE#         1026
  C:458CH         LINE#         1027
  C:458CH         LINE#         1029
  C:4595H         LINE#         1031
  C:4595H         LINE#         1032
  C:4595H         LINE#         1033
  C:4595H         LINE#         1034
  C:4595H         LINE#         1035
  C:4597H         LINE#         1036
  C:4597H         LINE#         1037
  C:459AH         LINE#         1039
  C:459AH         LINE#         1040
  C:459AH         LINE#         1041
  C:459AH         LINE#         1042
  C:45A0H         LINE#         1043
  C:45A0H         LINE#         1044
  C:45A3H         LINE#         1045
  C:45A3H         LINE#         1046
  C:45BDH         LINE#         1047
  C:45BDH         LINE#         1048
  C:45BDH         LINE#         1049
  C:45BDH         LINE#         1050
  C:45C0H         LINE#         1051
  C:45C2H         LINE#         1052
  C:45C2H         LINE#         1053
  C:45C2H         LINE#         1054
  C:45C2H         LINE#         1055
  C:45C2H         LINE#         1056
  C:45C4H         LINE#         1057
  C:45C4H         LINE#         1058
  C:45C7H         LINE#         1060
  C:45C7H         LINE#         1061
  C:45C7H         LINE#         1062
  C:45C7H         LINE#         1063
  C:45CDH         LINE#         1064
  C:45CDH         LINE#         1065
  C:45CFH         LINE#         1066
  C:45CFH         LINE#         1067
  C:45E9H         LINE#         1068
  C:45E9H         LINE#         1069
  C:45E9H         LINE#         1070
  C:45E9H         LINE#         1071
  C:45F0H         LINE#         1072
  C:4606H         LINE#         1073
  C:460AH         LINE#         1074
  C:460EH         LINE#         1075
  C:4611H         LINE#         1076
  C:4614H         LINE#         1077
BL51 BANKED LINKER/LOCATER V5.03                                                      07/22/2020  17:08:20  PAGE 152


  C:4616H         LINE#         1078
  C:4616H         LINE#         1079
  C:4619H         LINE#         1081
  C:4619H         LINE#         1082
  C:4619H         LINE#         1083
  C:4619H         LINE#         1094
  C:4619H         LINE#         1095
  C:4619H         LINE#         1096
  C:4619H         LINE#         1097
  C:4619H         LINE#         1098
  C:461CH         LINE#         1100
  C:461CH         LINE#         1101
  C:461CH         LINE#         1103
  C:4622H         LINE#         1104
  C:4625H         LINE#         1105
  C:4625H         LINE#         1107
  C:4625H         LINE#         1109
  C:462CH         LINE#         1110
  C:4634H         LINE#         1111
  C:4646H         LINE#         1112
  C:464DH         LINE#         1114
  C:4659H         LINE#         1115
  C:4659H         LINE#         1116
  C:4659H         LINE#         1117
  C:465FH         LINE#         1118
  C:465FH         LINE#         1119
  C:4672H         LINE#         1121
  C:4675H         LINE#         1122
  C:4693H         LINE#         1123
  C:4693H         LINE#         1124
  C:469CH         LINE#         1125
  C:469EH         LINE#         1126
  C:469EH         LINE#         1127
  C:46A5H         LINE#         1130
  C:46ABH         LINE#         1131
  C:46ABH         LINE#         1135
  C:46AEH         LINE#         1136
  C:46AEH         LINE#         1138
  C:46B0H         LINE#         1140
  C:46B0H         LINE#         1141
  C:46B2H         LINE#         1143
  C:46B2H         LINE#         1145
  C:46B2H         LINE#         1146
  C:46B2H         LINE#         1147
  C:46B2H         LINE#         1148
  C:46B2H         LINE#         1149
  C:46B2H         LINE#         1150
  C:46B2H         LINE#         1151
  C:46B2H         LINE#         1152
  C:46B2H         LINE#         1153
  C:46B5H         LINE#         1155
  C:46B5H         LINE#         1156
  C:46B5H         LINE#         1158
  C:46BAH         LINE#         1159
  C:46C1H         LINE#         1161
  C:46C1H         LINE#         1163
  -------         ENDPROC       USBAUDIOSTREAMINGEP
BL51 BANKED LINKER/LOCATER V5.03                                                      07/22/2020  17:08:20  PAGE 153


  -------         ENDMOD        AUDIOHANDLE

  -------         MODULE        ?C?COPY
  C:0F1AH         PUBLIC        ?C?COPY
  -------         ENDMOD        ?C?COPY

  -------         MODULE        ?C?CLDPTR
  C:0F40H         PUBLIC        ?C?CLDPTR
  -------         ENDMOD        ?C?CLDPTR

  -------         MODULE        ?C?CLDOPTR
  C:0F59H         PUBLIC        ?C?CLDOPTR
  -------         ENDMOD        ?C?CLDOPTR

  -------         MODULE        ?C?CSTPTR
  C:0F86H         PUBLIC        ?C?CSTPTR
  -------         ENDMOD        ?C?CSTPTR

  -------         MODULE        ?C?CSTOPTR
  C:0F98H         PUBLIC        ?C?CSTOPTR
  -------         ENDMOD        ?C?CSTOPTR

  -------         MODULE        ?C?IMUL
  C:0FBAH         PUBLIC        ?C?IMUL
  -------         ENDMOD        ?C?IMUL

  -------         MODULE        ?C?UIDIV
  C:0FCCH         PUBLIC        ?C?UIDIV
  -------         ENDMOD        ?C?UIDIV

  -------         MODULE        ?C?SIDIV
  C:1021H         PUBLIC        ?C?SIDIV
  -------         ENDMOD        ?C?SIDIV

  -------         MODULE        ?C?IILDX
  C:1057H         PUBLIC        ?C?IILDX
  -------         ENDMOD        ?C?IILDX

  -------         MODULE        ?C?ILDPTR
  C:106DH         PUBLIC        ?C?ILDPTR
  -------         ENDMOD        ?C?ILDPTR

  -------         MODULE        ?C?ISTPTR
  C:1098H         PUBLIC        ?C?ISTPTR
  -------         ENDMOD        ?C?ISTPTR

  -------         MODULE        ?C?LMUL
  C:10B7H         PUBLIC        ?C?LMUL
  -------         ENDMOD        ?C?LMUL

  -------         MODULE        ?C?ULDIV
  C:1142H         PUBLIC        ?C?ULDIV
  -------         ENDMOD        ?C?ULDIV

  -------         MODULE        ?C?ULCMP
  C:11D4H         PUBLIC        ?C?ULCMP
  -------         ENDMOD        ?C?ULCMP
BL51 BANKED LINKER/LOCATER V5.03                                                      07/22/2020  17:08:20  PAGE 154



  -------         MODULE        ?C?LSHL
  C:11E5H         PUBLIC        ?C?LSHL
  -------         ENDMOD        ?C?LSHL

  -------         MODULE        ?C?LLDIDATA
  C:11F8H         PUBLIC        ?C?LLDIDATA
  -------         ENDMOD        ?C?LLDIDATA

  -------         MODULE        ?C?LLDXDATA
  C:1204H         PUBLIC        ?C?LLDXDATA
  -------         ENDMOD        ?C?LLDXDATA

  -------         MODULE        ?C?LLDCODE
  C:1210H         PUBLIC        ?C?LLDCODE
  -------         ENDMOD        ?C?LLDCODE

  -------         MODULE        ?C?LLDIDATA0
  C:1220H         PUBLIC        ?C?LLDIDATA0
  -------         ENDMOD        ?C?LLDIDATA0

  -------         MODULE        ?C?LSTIDATA
  C:122DH         PUBLIC        ?C?LSTIDATA
  -------         ENDMOD        ?C?LSTIDATA

  -------         MODULE        ?C?LSTXDATA
  C:1239H         PUBLIC        ?C?LSTXDATA
  -------         ENDMOD        ?C?LSTXDATA

  -------         MODULE        ?C?OFFXADD
  C:1245H         PUBLIC        ?C?OFFXADD
  -------         ENDMOD        ?C?OFFXADD

  -------         MODULE        ?C?CCASE
  C:1251H         PUBLIC        ?C?CCASE
  -------         ENDMOD        ?C?CCASE

  -------         MODULE        ?C?ICALL
  C:1277H         PUBLIC        ?C?ICALL
  C:127BH         PUBLIC        ?C?ICALL2
  -------         ENDMOD        ?C?ICALL

  -------         MODULE        ?C?MEMSET
  C:127DH         PUBLIC        ?C?MEMSET
  -------         ENDMOD        ?C?MEMSET

Program Size: data=179.0 xdata=7005 code=31933
LINK/LOCATE RUN COMPLETE.  0 WARNING(S),  0 ERROR(S)
